Component: ARM Compiler 5.06 update 7 (build 960) Tool: armlink [4d3601]

==============================================================================

Section Cross References

    startup_stm32l476xx.o(RESET) refers to startup_stm32l476xx.o(STACK) for __initial_sp
    startup_stm32l476xx.o(RESET) refers to startup_stm32l476xx.o(.text) for Reset_Handler
    startup_stm32l476xx.o(RESET) refers to stm32l4xx_it.o(i.NMI_Handler) for NMI_Handler
    startup_stm32l476xx.o(RESET) refers to context_rvds.o(.text) for HardFault_Handler
    startup_stm32l476xx.o(RESET) refers to stm32l4xx_it.o(i.MemManage_Handler) for MemManage_Handler
    startup_stm32l476xx.o(RESET) refers to stm32l4xx_it.o(i.BusFault_Handler) for BusFault_Handler
    startup_stm32l476xx.o(RESET) refers to stm32l4xx_it.o(i.UsageFault_Handler) for UsageFault_Handler
    startup_stm32l476xx.o(RESET) refers to stm32l4xx_it.o(i.DebugMon_Handler) for DebugMon_Handler
    startup_stm32l476xx.o(RESET) refers to board.o(i.SysTick_Handler) for SysTick_Handler
    startup_stm32l476xx.o(RESET) refers to stm32l4xx_it.o(i.TIM1_UP_TIM16_IRQHandler) for TIM1_UP_TIM16_IRQHandler
    startup_stm32l476xx.o(.text) refers to system_stm32l4xx.o(i.SystemInit) for SystemInit
    startup_stm32l476xx.o(.text) refers to entry.o(.ARM.Collect$$$$00000000) for __main
    main.o(i.HAL_TIM_PeriodElapsedCallback) refers to stm32l4xx_hal.o(i.HAL_IncTick) for HAL_IncTick
    main.o(i.SystemClock_Config) refers to memseta.o(.text) for __aeabi_memclr4
    main.o(i.SystemClock_Config) refers to stm32l4xx_hal_rcc.o(i.HAL_RCC_OscConfig) for HAL_RCC_OscConfig
    main.o(i.SystemClock_Config) refers to main.o(i.Error_Handler) for Error_Handler
    main.o(i.SystemClock_Config) refers to stm32l4xx_hal_rcc.o(i.HAL_RCC_ClockConfig) for HAL_RCC_ClockConfig
    main.o(i.SystemClock_Config) refers to stm32l4xx_hal_rcc_ex.o(i.HAL_RCCEx_PeriphCLKConfig) for HAL_RCCEx_PeriphCLKConfig
    main.o(i.SystemClock_Config) refers to stm32l4xx_hal_pwr_ex.o(i.HAL_PWREx_ControlVoltageScaling) for HAL_PWREx_ControlVoltageScaling
    main.o(i.led_thread_entry) refers to stm32l4xx_hal_gpio.o(i.HAL_GPIO_WritePin) for HAL_GPIO_WritePin
    main.o(i.led_thread_entry) refers to thread.o(i.rt_thread_mdelay) for rt_thread_mdelay
    main.o(i.main) refers to gpio.o(i.MX_GPIO_Init) for MX_GPIO_Init
    main.o(i.main) refers to i2c.o(i.MX_I2C1_Init) for MX_I2C1_Init
    main.o(i.main) refers to i2c.o(i.MX_I2C2_Init) for MX_I2C2_Init
    main.o(i.main) refers to thread.o(i.rt_thread_init) for rt_thread_init
    main.o(i.main) refers to thread.o(i.rt_thread_startup) for rt_thread_startup
    main.o(i.main) refers to kservice.o(i.rt_kprintf) for rt_kprintf
    main.o(i.main) refers to main.o(.bss) for led_thread_stack
    main.o(i.main) refers to main.o(i.led_thread_entry) for led_thread_entry
    gpio.o(i.MX_GPIO_Init) refers to memseta.o(.text) for __aeabi_memclr4
    gpio.o(i.MX_GPIO_Init) refers to stm32l4xx_hal_gpio.o(i.HAL_GPIO_WritePin) for HAL_GPIO_WritePin
    gpio.o(i.MX_GPIO_Init) refers to stm32l4xx_hal_gpio.o(i.HAL_GPIO_Init) for HAL_GPIO_Init
    i2c.o(i.HAL_I2C_MspDeInit) refers to stm32l4xx_hal_gpio.o(i.HAL_GPIO_DeInit) for HAL_GPIO_DeInit
    i2c.o(i.HAL_I2C_MspInit) refers to memseta.o(.text) for __aeabi_memclr4
    i2c.o(i.HAL_I2C_MspInit) refers to stm32l4xx_hal_gpio.o(i.HAL_GPIO_Init) for HAL_GPIO_Init
    i2c.o(i.MX_I2C1_Init) refers to stm32l4xx_hal_i2c.o(i.HAL_I2C_Init) for HAL_I2C_Init
    i2c.o(i.MX_I2C1_Init) refers to main.o(i.Error_Handler) for Error_Handler
    i2c.o(i.MX_I2C1_Init) refers to stm32l4xx_hal_i2c_ex.o(i.HAL_I2CEx_ConfigAnalogFilter) for HAL_I2CEx_ConfigAnalogFilter
    i2c.o(i.MX_I2C1_Init) refers to stm32l4xx_hal_i2c_ex.o(i.HAL_I2CEx_ConfigDigitalFilter) for HAL_I2CEx_ConfigDigitalFilter
    i2c.o(i.MX_I2C1_Init) refers to i2c.o(.bss) for hi2c1
    i2c.o(i.MX_I2C2_Init) refers to stm32l4xx_hal_i2c.o(i.HAL_I2C_Init) for HAL_I2C_Init
    i2c.o(i.MX_I2C2_Init) refers to main.o(i.Error_Handler) for Error_Handler
    i2c.o(i.MX_I2C2_Init) refers to stm32l4xx_hal_i2c_ex.o(i.HAL_I2CEx_ConfigAnalogFilter) for HAL_I2CEx_ConfigAnalogFilter
    i2c.o(i.MX_I2C2_Init) refers to stm32l4xx_hal_i2c_ex.o(i.HAL_I2CEx_ConfigDigitalFilter) for HAL_I2CEx_ConfigDigitalFilter
    i2c.o(i.MX_I2C2_Init) refers to i2c.o(.bss) for hi2c2
    usart.o(i.HAL_UART_MspDeInit) refers to stm32l4xx_hal_gpio.o(i.HAL_GPIO_DeInit) for HAL_GPIO_DeInit
    usart.o(i.HAL_UART_MspInit) refers to memseta.o(.text) for __aeabi_memclr4
    usart.o(i.HAL_UART_MspInit) refers to stm32l4xx_hal_gpio.o(i.HAL_GPIO_Init) for HAL_GPIO_Init
    usart.o(i.MX_USART1_UART_Init) refers to stm32l4xx_hal_uart.o(i.HAL_UART_Init) for HAL_UART_Init
    usart.o(i.MX_USART1_UART_Init) refers to main.o(i.Error_Handler) for Error_Handler
    usart.o(i.MX_USART1_UART_Init) refers to usart.o(.bss) for huart1
    usart.o(i.MX_USART2_UART_Init) refers to stm32l4xx_hal_uart.o(i.HAL_UART_Init) for HAL_UART_Init
[...]
    __NVIC_GetPriorityGrouping               0x08002d85   Thumb Code    10  stm32l4xx_hal_cortex.o(i.__NVIC_GetPriorityGrouping)
    i.__NVIC_SetPriority                     0x08002d94   Section        0  stm32l4xx_hal_cortex.o(i.__NVIC_SetPriority)
    __NVIC_SetPriority                       0x08002d95   Thumb Code    32  stm32l4xx_hal_cortex.o(i.__NVIC_SetPriority)
    i.__rt_ffs                               0x08002dbc   Section        0  kservice.o(i.__rt_ffs)
    i.__scatterload_copy                     0x08002e08   Section       14  handlers.o(i.__scatterload_copy)
    i.__scatterload_null                     0x08002e16   Section        2  handlers.o(i.__scatterload_null)
    i.__scatterload_zeroinit                 0x08002e18   Section       14  handlers.o(i.__scatterload_zeroinit)
    i._has_defunct_thread                    0x08002e28   Section        0  idle.o(i._has_defunct_thread)
    _has_defunct_thread                      0x08002e29   Thumb Code    16  idle.o(i._has_defunct_thread)
    i._msh_exec_cmd                          0x08002e3c   Section        0  msh.o(i._msh_exec_cmd)
    _msh_exec_cmd                            0x08002e3d   Thumb Code   136  msh.o(i._msh_exec_cmd)
    i._rt_thread_init                        0x08002ed4   Section        0  thread.o(i._rt_thread_init)
    _rt_thread_init                          0x08002ed5   Thumb Code   138  thread.o(i._rt_thread_init)
    i._rt_timer_init                         0x08002f96   Section        0  timer.o(i._rt_timer_init)
    _rt_timer_init                           0x08002f97   Thumb Code    66  timer.o(i._rt_timer_init)
    i._rt_timer_remove                       0x08002fd8   Section        0  timer.o(i._rt_timer_remove)
    _rt_timer_remove                         0x08002fd9   Thumb Code    46  timer.o(i._rt_timer_remove)
    i.bus_fault_track                        0x08003008   Section        0  cpuport.o(i.bus_fault_track)
    bus_fault_track                          0x08003009   Thumb Code   130  cpuport.o(i.bus_fault_track)
    i.cmd_ps                                 0x08003104   Section        0  msh.o(i.cmd_ps)
    i.finsh_get_prompt                       0x08003114   Section        0  shell.o(i.finsh_get_prompt)
    i.finsh_getchar                          0x08003188   Section        0  shell.o(i.finsh_getchar)
    finsh_getchar                            0x08003189   Thumb Code     8  shell.o(i.finsh_getchar)
    i.finsh_set_prompt_mode                  0x08003190   Section        0  shell.o(i.finsh_set_prompt_mode)
    i.finsh_system_function_init             0x080031d8   Section        0  shell.o(i.finsh_system_function_init)
    i.finsh_system_init                      0x080031ec   Section        0  shell.o(i.finsh_system_init)
    i.finsh_thread_entry                     0x08003270   Section        0  shell.o(i.finsh_thread_entry)
    i.hard_fault_track                       0x08003638   Section        0  cpuport.o(i.hard_fault_track)
    hard_fault_track                         0x08003639   Thumb Code    82  cpuport.o(i.hard_fault_track)
    i.hello                                  0x080036b8   Section        0  cmd.o(i.hello)
    i.led_thread_entry                       0x080036d8   Section        0  main.o(i.led_thread_entry)
    led_thread_entry                         0x080036d9   Thumb Code    44  main.o(i.led_thread_entry)
    i.list                                   0x08003704   Section        0  cmd.o(i.list)
    i.list_find_init                         0x0800375c   Section        0  cmd.o(i.list_find_init)
    list_find_init                           0x0800375d   Thumb Code    42  cmd.o(i.list_find_init)
    i.list_get_next                          0x08003786   Section        0  cmd.o(i.list_get_next)
    list_get_next                            0x08003787   Thumb Code   136  cmd.o(i.list_get_next)
    i.list_sem                               0x08003814   Section        0  cmd.o(i.list_sem)
    i.list_thread                            0x0800395c   Section        0  cmd.o(i.list_thread)
    i.list_timer                             0x08003b48   Section        0  cmd.o(i.list_timer)
    i.main                                   0x08003ca8   Section        0  main.o(i.main)
    i.main_thread_entry                      0x08003d20   Section        0  components.o(i.main_thread_entry)
    i.mem_manage_fault_track                 0x08003d30   Section        0  cpuport.o(i.mem_manage_fault_track)
    mem_manage_fault_track                   0x08003d31   Thumb Code   114  cpuport.o(i.mem_manage_fault_track)
    i.msh_auto_complete                      0x08003e18   Section        0  msh.o(i.msh_auto_complete)
    i.msh_exec                               0x08003eb8   Section        0  msh.o(i.msh_exec)
    i.msh_get_cmd                            0x08003f24   Section        0  msh.o(i.msh_get_cmd)
    msh_get_cmd                              0x08003f25   Thumb Code    76  msh.o(i.msh_get_cmd)
    i.msh_help                               0x08003f80   Section        0  msh.o(i.msh_help)
    i.msh_is_used                            0x08003ff4   Section        0  msh.o(i.msh_is_used)
    i.msh_split                              0x08003ff8   Section        0  msh.o(i.msh_split)
    msh_split                                0x08003ff9   Thumb Code   202  msh.o(i.msh_split)
    i.object_split                           0x080040e8   Section        0  cmd.o(i.object_split)
    object_split                             0x080040e9   Thumb Code    22  cmd.o(i.object_split)
    i.print_number                           0x08004104   Section        0  kservice.o(i.print_number)
    print_number                             0x08004105   Thumb Code   400  kservice.o(i.print_number)
    i.rt_application_init                    0x080042a4   Section        0  components.o(i.rt_application_init)
    i.rt_assert_handler                      0x08004304   Section        0  kservice.o(i.rt_assert_handler)
    i.rt_components_board_init               0x08004378   Section        0  components.o(i.rt_components_board_init)
    i.rt_components_init                     0x08004394   Section        0  components.o(i.rt_components_init)
    i.rt_enter_critical                      0x080043b0   Section        0  scheduler.o(i.rt_enter_critical)
    i.rt_exit_critical                       0x080043d0   Section        0  scheduler.o(i.rt_exit_critical)
    i.rt_hw_board_init                       0x08004414   Section        0  board.o(i.rt_hw_board_init)
    i.rt_hw_console_getchar                  0x08004444   Section        0  board.o(i.rt_hw_console_getchar)
    i.rt_hw_console_output                   0x08004484   Section        0  board.o(i.rt_hw_console_output)
    i.rt_hw_hard_fault_exception             0x080044d4   Section        0  cpuport.o(i.rt_hw_hard_fault_exception)
    i.rt_hw_stack_init                       0x08004700   Section        0  cpuport.o(i.rt_hw_stack_init)
    i.rt_interrupt_enter                     0x08004750   Section        0  irq.o(i.rt_interrupt_enter)
    i.rt_interrupt_get_nest                  0x08004774   Section        0  irq.o(i.rt_interrupt_get_nest)
    i.rt_interrupt_leave                     0x08004780   Section        0  irq.o(i.rt_interrupt_leave)
    i.rt_kprintf                             0x080047a4   Section        0  kservice.o(i.rt_kprintf)
    i.rt_list_init                           0x080047d4   Section        0  scheduler.o(i.rt_list_init)
    rt_list_init                             0x080047d5   Thumb Code     6  scheduler.o(i.rt_list_init)
    i.rt_list_init                           0x080047da   Section        0  timer.o(i.rt_list_init)
    rt_list_init                             0x080047db   Thumb Code     6  timer.o(i.rt_list_init)
    i.rt_list_insert_after                   0x080047e0   Section        0  thread.o(i.rt_list_insert_after)
    rt_list_insert_after                     0x080047e1   Thumb Code    14  thread.o(i.rt_list_insert_after)
    i.rt_list_insert_after                   0x080047ee   Section        0  timer.o(i.rt_list_insert_after)
    rt_list_insert_after                     0x080047ef   Thumb Code    14  timer.o(i.rt_list_insert_after)
    i.rt_list_isempty                        0x080047fc   Section        0  timer.o(i.rt_list_isempty)
    rt_list_isempty                          0x080047fd   Thumb Code    16  timer.o(i.rt_list_isempty)
    i.rt_list_len                            0x0800480c   Section        0  cmd.o(i.rt_list_len)
    rt_list_len                              0x0800480d   Thumb Code    20  cmd.o(i.rt_list_len)
    i.rt_list_remove                         0x08004820   Section        0  thread.o(i.rt_list_remove)
    rt_list_remove                           0x08004821   Thumb Code    18  thread.o(i.rt_list_remove)
    i.rt_memmove                             0x08004832   Section        0  kservice.o(i.rt_memmove)
    i.rt_memset                              0x08004874   Section        0  kservice.o(i.rt_memset)
    i.rt_object_detach                       0x080048bc   Section        0  object.o(i.rt_object_detach)
    i.rt_object_get_information              0x08004910   Section        0  object.o(i.rt_object_get_information)
    i.rt_object_get_type                     0x08004938   Section        0  object.o(i.rt_object_get_type)
    i.rt_object_init                         0x0800496c   Section        0  object.o(i.rt_object_init)
    i.rt_object_is_systemobject              0x08004a14   Section        0  object.o(i.rt_object_is_systemobject)
    i.rt_schedule                            0x08004a50   Section        0  scheduler.o(i.rt_schedule)
    i.rt_schedule_insert_thread              0x08004adc   Section        0  scheduler.o(i.rt_schedule_insert_thread)
    i.rt_schedule_remove_thread              0x08004b58   Section        0  scheduler.o(i.rt_schedule_remove_thread)
    i.rt_sem_init                            0x08004bd8   Section        0  ipc.o(i.rt_sem_init)
    i.rt_show_version                        0x08004c4c   Section        0  kservice.o(i.rt_show_version)
    i.rt_strlen                              0x08004cfc   Section        0  kservice.o(i.rt_strlen)
    i.rt_strncpy                             0x08004d0e   Section        0  kservice.o(i.rt_strncpy)
    i.rt_system_scheduler_init               0x08004d44   Section        0  scheduler.o(i.rt_system_scheduler_init)
    i.rt_system_scheduler_start              0x08004d94   Section        0  scheduler.o(i.rt_system_scheduler_start)
    i.rt_system_timer_init                   0x08004dc4   Section        0  timer.o(i.rt_system_timer_init)
    i.rt_system_timer_thread_init            0x08004de0   Section        0  timer.o(i.rt_system_timer_thread_init)
    i.rt_thread_exit                         0x08004de4   Section        0  thread.o(i.rt_thread_exit)
    i.rt_thread_idle_entry                   0x08004e38   Section        0  idle.o(i.rt_thread_idle_entry)
    rt_thread_idle_entry                     0x08004e39   Thumb Code     8  idle.o(i.rt_thread_idle_entry)
    i.rt_thread_idle_excute                  0x08004e40   Section        0  idle.o(i.rt_thread_idle_excute)
    i.rt_thread_idle_init                    0x08004f18   Section        0  idle.o(i.rt_thread_idle_init)
    i.rt_thread_init                         0x08004f54   Section        0  thread.o(i.rt_thread_init)
    i.rt_thread_mdelay                       0x08004fd6   Section        0  thread.o(i.rt_thread_mdelay)
    i.rt_thread_resume                       0x08004fec   Section        0  thread.o(i.rt_thread_resume)
    i.rt_thread_self                         0x08005070   Section        0  thread.o(i.rt_thread_self)
    i.rt_thread_sleep                        0x0800507c   Section        0  thread.o(i.rt_thread_sleep)
    i.rt_thread_startup                      0x08005100   Section        0  thread.o(i.rt_thread_startup)
    i.rt_thread_suspend                      0x080051c4   Section        0  thread.o(i.rt_thread_suspend)
    i.rt_thread_timeout                      0x08005250   Section        0  thread.o(i.rt_thread_timeout)
    i.rt_thread_yield                        0x08005304   Section        0  thread.o(i.rt_thread_yield)
    i.rt_tick_from_millisecond               0x08005368   Section        0  clock.o(i.rt_tick_from_millisecond)
    i.rt_tick_get                            0x080053a0   Section        0  clock.o(i.rt_tick_get)
    i.rt_tick_increase                       0x080053ac   Section        0  clock.o(i.rt_tick_increase)
    i.rt_timer_check                         0x080053dc   Section        0  timer.o(i.rt_timer_check)
    i.rt_timer_control                       0x08005464   Section        0  timer.o(i.rt_timer_control)
    i.rt_timer_detach                        0x0800551c   Section        0  timer.o(i.rt_timer_detach)
    i.rt_timer_init                          0x080055f0   Section        0  timer.o(i.rt_timer_init)
    i.rt_timer_start                         0x08005644   Section        0  timer.o(i.rt_timer_start)
    i.rt_timer_stop                          0x080057ec   Section        0  timer.o(i.rt_timer_stop)
    i.rt_vsnprintf                           0x08005894   Section        0  kservice.o(i.rt_vsnprintf)
    i.rti_board_end                          0x08005bca   Section        0  components.o(i.rti_board_end)
    rti_board_end                            0x08005bcb   Thumb Code     4  components.o(i.rti_board_end)
    i.rti_board_start                        0x08005bce   Section        0  components.o(i.rti_board_start)
    rti_board_start                          0x08005bcf   Thumb Code     4  components.o(i.rti_board_start)
    i.rti_end                                0x08005bd2   Section        0  components.o(i.rti_end)
    rti_end                                  0x08005bd3   Thumb Code     4  components.o(i.rti_end)
    i.rti_start                              0x08005bd6   Section        0  components.o(i.rti_start)
    rti_start                                0x08005bd7   Thumb Code     4  components.o(i.rti_start)
    i.rtthread_startup                       0x08005bda   Section        0  components.o(i.rtthread_startup)
    i.shell_auto_complete                    0x08005c04   Section        0  shell.o(i.shell_auto_complete)
    shell_auto_complete                      0x08005c05   Thumb Code    42  shell.o(i.shell_auto_complete)
    i.show_wait_queue                        0x08005c3c   Section        0  cmd.o(i.show_wait_queue)
    show_wait_queue                          0x08005c3d   Thumb Code    40  cmd.o(i.show_wait_queue)
    i.skip_atoi                              0x08005c6c   Section        0  kservice.o(i.skip_atoi)
    skip_atoi                                0x08005c6d   Thumb Code    38  kservice.o(i.skip_atoi)
    i.str_common                             0x08005c92   Section        0  msh.o(i.str_common)
    str_common                               0x08005c93   Thumb Code    32  msh.o(i.str_common)
    i.usage_fault_track                      0x08005cb4   Section        0  cpuport.o(i.usage_fault_track)
    usage_fault_track                        0x08005cb5   Thumb Code   122  cpuport.o(i.usage_fault_track)
    i.version                                0x08005d9c   Section        0  cmd.o(i.version)
    .constdata                               0x08005da8   Section       72  system_stm32l4xx.o(.constdata)
    .constdata                               0x08005df0   Section       74  shell.o(.constdata)
    __FUNCTION__                             0x08005df0   Data          22  shell.o(.constdata)
    __FUNCTION__                             0x08005e06   Data          22  shell.o(.constdata)
    __FUNCTION__                             0x08005e1c   Data          15  shell.o(.constdata)
    __FUNCTION__                             0x08005e2b   Data          15  shell.o(.constdata)
    .constdata                               0x08005e3a   Section      115  cmd.o(.constdata)
    .constdata                               0x08005ead   Section       34  msh.o(.constdata)
    __FUNCTION__                             0x08005ec1   Data          14  msh.o(.constdata)
    .constdata                               0x08005ecf   Section       20  components.o(.constdata)
    __FUNCTION__                             0x08005ecf   Data          20  components.o(.constdata)
    .constdata                               0x08005ee3   Section       22  idle.o(.constdata)
    __FUNCTION__                             0x08005ee3   Data          22  idle.o(.constdata)
    .constdata                               0x08005ef9   Section       68  ipc.o(.constdata)
    __FUNCTION__                             0x08005ef9   Data          12  ipc.o(.constdata)
    __FUNCTION__                             0x08005f05   Data          14  ipc.o(.constdata)
    __FUNCTION__                             0x08005f13   Data          12  ipc.o(.constdata)
    __FUNCTION__                             0x08005f1f   Data          15  ipc.o(.constdata)
    __FUNCTION__                             0x08005f2e   Data          15  ipc.o(.constdata)
    .constdata                               0x08005f3d   Section      290  kservice.o(.constdata)
    small_digits                             0x0800603d   Data          17  kservice.o(.constdata)
    large_digits                             0x0800604e   Data          17  kservice.o(.constdata)
    .constdata                               0x0800605f   Section       92  object.o(.constdata)
    __FUNCTION__                             0x0800605f   Data          15  object.o(.constdata)
    __FUNCTION__                             0x0800606e   Data          17  object.o(.constdata)
    __FUNCTION__                             0x0800607f   Data          26  object.o(.constdata)
    __FUNCTION__                             0x08006099   Data          19  object.o(.constdata)
    __FUNCTION__                             0x080060ac   Data          15  object.o(.constdata)
    .constdata                               0x080060bb   Section       52  scheduler.o(.constdata)
    __FUNCTION__                             0x080060bb   Data          26  scheduler.o(.constdata)
    __FUNCTION__                             0x080060d5   Data          26  scheduler.o(.constdata)
    .constdata                               0x080060ef   Section      168  thread.o(.constdata)
    __FUNCTION__                             0x080060ef   Data          16  thread.o(.constdata)
    __FUNCTION__                             0x080060ff   Data          15  thread.o(.constdata)
    __FUNCTION__                             0x0800610e   Data          18  thread.o(.constdata)
    __FUNCTION__                             0x08006120   Data          17  thread.o(.constdata)
    __FUNCTION__                             0x08006131   Data          16  thread.o(.constdata)
    __FUNCTION__                             0x08006141   Data          18  thread.o(.constdata)
    __FUNCTION__                             0x08006153   Data          18  thread.o(.constdata)
    __FUNCTION__                             0x08006165   Data          17  thread.o(.constdata)
    __FUNCTION__                             0x08006176   Data          18  thread.o(.constdata)
    __FUNCTION__                             0x08006188   Data          15  thread.o(.constdata)
    .constdata                               0x08006197   Section       76  timer.o(.constdata)
    __FUNCTION__                             0x08006197   Data          14  timer.o(.constdata)
    __FUNCTION__                             0x080061a5   Data          16  timer.o(.constdata)
    __FUNCTION__                             0x080061b5   Data          15  timer.o(.constdata)
    __FUNCTION__                             0x080061c4   Data          14  timer.o(.constdata)
    __FUNCTION__                             0x080061d2   Data          17  timer.o(.constdata)
    .conststring                             0x080061e4   Section       68  cmd.o(.conststring)
    .conststring                             0x08006228   Section       66  thread.o(.conststring)
    .rti_fn.0                                0x0800626c   Section        4  components.o(.rti_fn.0)
    __tagsym$$used                           0x0800626c   Number         0  components.o(.rti_fn.0)
    .rti_fn.0.end                            0x08006270   Section        4  components.o(.rti_fn.0.end)
    __tagsym$$used                           0x08006270   Number         0  components.o(.rti_fn.0.end)
    .rti_fn.1.end                            0x08006274   Section        4  components.o(.rti_fn.1.end)
    __tagsym$$used                           0x08006274   Number         0  components.o(.rti_fn.1.end)
    .rti_fn.6                                0x08006278   Section        4  shell.o(.rti_fn.6)
    __tagsym$$used                           0x08006278   Number         0  shell.o(.rti_fn.6)
    .rti_fn.6.end                            0x0800627c   Section        4  components.o(.rti_fn.6.end)
    __tagsym$$used                           0x0800627c   Number         0  components.o(.rti_fn.6.end)
    FSymTab                                  0x08006280   Section       80  cmd.o(FSymTab)
    __tagsym$$used                           0x08006280   Number         0  cmd.o(FSymTab)
    __tagsym$$used                           0x08006288   Number         0  cmd.o(FSymTab)
    __tagsym$$used                           0x08006290   Number         0  cmd.o(FSymTab)
    __tagsym$$used                           0x08006298   Number         0  cmd.o(FSymTab)
    __tagsym$$used                           0x080062a0   Number         0  cmd.o(FSymTab)
    __tagsym$$used                           0x080062a8   Number         0  cmd.o(FSymTab)
    __tagsym$$used                           0x080062b0   Number         0  cmd.o(FSymTab)
    __tagsym$$used                           0x080062b8   Number         0  cmd.o(FSymTab)
    __tagsym$$used                           0x080062c0   Number         0  cmd.o(FSymTab)
    __tagsym$$used                           0x080062c8   Number         0  cmd.o(FSymTab)
    FSymTab                                  0x080062d0   Section       16  msh.o(FSymTab)
    __tagsym$$used                           0x080062d0   Number         0  msh.o(FSymTab)
    __tagsym$$used                           0x080062d8   Number         0  msh.o(FSymTab)
    .data                                    0x20000000   Section        9  stm32l4xx_hal.o(.data)
    .data                                    0x2000000c   Section        4  system_stm32l4xx.o(.data)
    .data                                    0x20000010   Section       24  shell.o(.data)
    finsh_prompt_custom                      0x20000024   Data           4  shell.o(.data)
    .data                                    0x20000028   Section        4  clock.o(.data)
    rt_tick                                  0x20000028   Data           4  clock.o(.data)
    .data                                    0x2000002c   Section        1  irq.o(.data)
    .data                                    0x20000030   Section        8  kservice.o(.data)
    __rt_errno                               0x20000030   Data           4  kservice.o(.data)
    .data                                    0x20000038   Section       48  object.o(.data)
    rt_object_container                      0x20000038   Data          48  object.o(.data)
    .data                                    0x20000068   Section       24  scheduler.o(.data)
    rt_scheduler_lock_nest                   0x20000068   Data           2  scheduler.o(.data)
    .data                                    0x20000080   Section       12  timer.o(.data)
    rt_timer_list                            0x20000080   Data           8  timer.o(.data)
    random_nr                                0x20000088   Data           4  timer.o(.data)
    .data                                    0x2000008c   Section       16  cpuport.o(.data)
    rt_exception_hook                        0x20000098   Data           4  cpuport.o(.data)
    .bss                                     0x2000009c   Section      632  main.o(.bss)
    led_thread                               0x2000009c   Data         120  main.o(.bss)
    led_thread_stack                         0x20000114   Data         512  main.o(.bss)
    .bss                                     0x20000314   Section      152  i2c.o(.bss)
    .bss                                     0x200003ac   Section      264  usart.o(.bss)
    .bss                                     0x200004b4   Section       76  stm32l4xx_hal_timebase_tim.o(.bss)
    .bss                                     0x20000500   Section      881  shell.o(.bss)
    finsh_thread                             0x20000500   Data         120  shell.o(.bss)
    finsh_thread_stack                       0x20000578   Data         512  shell.o(.bss)
    finsh_prompt                             0x200007f0   Data         129  shell.o(.bss)
    .bss                                     0x20000878   Section     1144  components.o(.bss)
    main_stack                               0x20000878   Data        1024  components.o(.bss)
    .bss                                     0x20000cf0   Section      248  idle.o(.bss)
    idle                                     0x20000cf0   Data         120  idle.o(.bss)
    rt_thread_stack                          0x20000d68   Data         128  idle.o(.bss)
    .bss                                     0x20000de8   Section      128  kservice.o(.bss)
    rt_log_buf                               0x20000de8   Data         128  kservice.o(.bss)
    .bss                                     0x20000e68   Section      256  scheduler.o(.bss)
    STACK                                    0x20000f68   Section     1024  startup_stm32l476xx.o(STACK)

    Global Symbols

    Symbol Name                              Value     Ov Type        Size  Object(Section)

    BuildAttributes$$THM_ISAv4$E$P$D$K$B$S$7EM$VFPi3$EXTD16$VFPS$VFMA$PE$A:L22UL41UL21$X:L11$S22US41US21$IEEE1$IW$USESV6$~STKCKD$USESV7$~SHL$OSPACE$EBA8$MICROLIB$REQ8$PRES8$EABIv2 0x00000000   Number         0  anon$$obj.o ABSOLUTE
    __ARM_use_no_argv                        0x00000000   Number         0  main.o ABSOLUTE
    __arm_fini_                               - Undefined Weak Reference
    __cpp_initialize__aeabi_                  - Undefined Weak Reference
    __cxa_finalize                            - Undefined Weak Reference
    __decompress                              - Undefined Weak Reference
    _clock_init                               - Undefined Weak Reference
    _microlib_exit                            - Undefined Weak Reference
    __Vectors_Size                           0x00000188   Number         0  startup_stm32l476xx.o ABSOLUTE
    __Vectors                                0x08000000   Data           4  startup_stm32l476xx.o(RESET)
    __Vectors_End                            0x08000188   Data           0  startup_stm32l476xx.o(RESET)
    __main                                   0x08000189   Thumb Code     0  entry.o(.ARM.Collect$$$$00000000)
    _main_stk                                0x08000189   Thumb Code     0  entry2.o(.ARM.Collect$$$$00000001)
    _main_scatterload                        0x0800018d   Thumb Code     0  entry5.o(.ARM.Collect$$$$00000004)
    __main_after_scatterload                 0x08000191   Thumb Code     0  entry5.o(.ARM.Collect$$$$00000004)
    _main_clock                              0x08000191   Thumb Code     0  entry7b.o(.ARM.Collect$$$$00000008)
    _main_cpp_init                           0x08000191   Thumb Code     0  entry8b.o(.ARM.Collect$$$$0000000A)
    _main_init                               0x08000191   Thumb Code     0  entry9a.o(.ARM.Collect$$$$0000000B)
    __rt_lib_shutdown_fini                   0x08000199   Thumb Code     0  entry12b.o(.ARM.Collect$$$$0000000E)
    __rt_final_cpp                           0x0800019d   Thumb Code     0  entry10a.o(.ARM.Collect$$$$0000000F)
    __rt_final_exit                          0x0800019d   Thumb Code     0  entry11a.o(.ARM.Collect$$$$00000011)
    Reset_Handler                            0x080001a1   Thumb Code     8  startup_stm32l476xx.o(.text)
    SVC_Handler                              0x080001b3   Thumb Code     2  startup_stm32l476xx.o(.text)
    ADC1_2_IRQHandler                        0x080001bb   Thumb Code     0  startup_stm32l476xx.o(.text)
    ADC3_IRQHandler                          0x080001bb   Thumb Code     0  startup_stm32l476xx.o(.text)
    CAN1_RX0_IRQHandler                      0x080001bb   Thumb Code     0  startup_stm32l476xx.o(.text)
    CAN1_RX1_IRQHandler                      0x080001bb   Thumb Code     0  startup_stm32l476xx.o(.text)
    CAN1_SCE_IRQHandler                      0x080001bb   Thumb Code     0  startup_stm32l476xx.o(.text)
    CAN1_TX_IRQHandler                       0x080001bb   Thumb Code     0  startup_stm32l476xx.o(.text)
    COMP_IRQHandler                          0x080001bb   Thumb Code     0  startup_stm32l476xx.o(.text)
    DFSDM1_FLT0_IRQHandler                   0x080001bb   Thumb Code     0  startup_stm32l476xx.o(.text)
    DFSDM1_FLT1_IRQHandler                   0x080001bb   Thumb Code     0  startup_stm32l476xx.o(.text)
    DFSDM1_FLT2_IRQHandler                   0x080001bb   Thumb Code     0  startup_stm32l476xx.o(.text)
    DFSDM1_FLT3_IRQHandler                   0x080001bb   Thumb Code     0  startup_stm32l476xx.o(.text)
    DMA1_Channel1_IRQHandler                 0x080001bb   Thumb Code     0  startup_stm32l476xx.o(.text)
    DMA1_Channel2_IRQHandler                 0x080001bb   Thumb Code     0  startup_stm32l476xx.o(.text)
    DMA1_Channel3_IRQHandler                 0x080001bb   Thumb Code     0  startup_stm32l476xx.o(.text)
    DMA1_Channel4_IRQHandler                 0x080001bb   Thumb Code     0  startup_stm32l476xx.o(.text)
    DMA1_Channel5_IRQHandler                 0x080001bb   Thumb Code     0  startup_stm32l476xx.o(.text)
    DMA1_Channel6_IRQHandler                 0x080001bb   Thumb Code     0  startup_stm32l476xx.o(.text)
    DMA1_Channel7_IRQHandler                 0x080001bb   Thumb Code     0  startup_stm32l476xx.o(.text)
    DMA2_Channel1_IRQHandler                 0x080001bb   Thumb Code     0  startup_stm32l476xx.o(.text)
    DMA2_Channel2_IRQHandler                 0x080001bb   Thumb Code     0  startup_stm32l476xx.o(.text)
    DMA2_Channel3_IRQHandler                 0x080001bb   Thumb Code     0  startup_stm32l476xx.o(.text)
    DMA2_Channel4_IRQHandler                 0x080001bb   Thumb Code     0  startup_stm32l476xx.o(.text)
    DMA2_Channel5_IRQHandler                 0x080001bb   Thumb Code     0  startup_stm32l476xx.o(.text)
    DMA2_Channel6_IRQHandler                 0x080001bb   Thumb Code     0  startup_stm32l476xx.o(.text)
    DMA2_Channel7_IRQHandler                 0x080001bb   Thumb Code     0  startup_stm32l476xx.o(.text)
    EXTI0_IRQHandler                         0x080001bb   Thumb Code     0  startup_stm32l476xx.o(.text)
    EXTI15_10_IRQHandler                     0x080001bb   Thumb Code     0  startup_stm32l476xx.o(.text)
    EXTI1_IRQHandler                         0x080001bb   Thumb Code     0  startup_stm32l476xx.o(.text)
    EXTI2_IRQHandler                         0x080001bb   Thumb Code     0  startup_stm32l476xx.o(.text)
    EXTI3_IRQHandler                         0x080001bb   Thumb Code     0  startup_stm32l476xx.o(.text)
    EXTI4_IRQHandler                         0x080001bb   Thumb Code     0  startup_stm32l476xx.o(.text)
    EXTI9_5_IRQHandler                       0x080001bb   Thumb Code     0  startup_stm32l476xx.o(.text)
    FLASH_IRQHandler                         0x080001bb   Thumb Code     0  startup_stm32l476xx.o(.text)
    FMC_IRQHandler                           0x080001bb   Thumb Code     0  startup_stm32l476xx.o(.text)
    FPU_IRQHandler                           0x080001bb   Thumb Code     0  startup_stm32l476xx.o(.text)
    I2C1_ER_IRQHandler                       0x080001bb   Thumb Code     0  startup_stm32l476xx.o(.text)
    I2C1_EV_IRQHandler                       0x080001bb   Thumb Code     0  startup_stm32l476xx.o(.text)
    I2C2_ER_IRQHandler                       0x080001bb   Thumb Code     0  startup_stm32l476xx.o(.text)
    I2C2_EV_IRQHandler                       0x080001bb   Thumb Code     0  startup_stm32l476xx.o(.text)
    I2C3_ER_IRQHandler                       0x080001bb   Thumb Code     0  startup_stm32l476xx.o(.text)
    I2C3_EV_IRQHandler                       0x080001bb   Thumb Code     0  startup_stm32l476xx.o(.text)
    LCD_IRQHandler                           0x080001bb   Thumb Code     0  startup_stm32l476xx.o(.text)
    LPTIM1_IRQHandler                        0x080001bb   Thumb Code     0  startup_stm32l476xx.o(.text)
    LPTIM2_IRQHandler                        0x080001bb   Thumb Code     0  startup_stm32l476xx.o(.text)
    LPUART1_IRQHandler                       0x080001bb   Thumb Code     0  startup_stm32l476xx.o(.text)
    OTG_FS_IRQHandler                        0x080001bb   Thumb Code     0  startup_stm32l476xx.o(.text)
    PVD_PVM_IRQHandler                       0x080001bb   Thumb Code     0  startup_stm32l476xx.o(.text)
    QUADSPI_IRQHandler                       0x080001bb   Thumb Code     0  startup_stm32l476xx.o(.text)
    RCC_IRQHandler                           0x080001bb   Thumb Code     0  startup_stm32l476xx.o(.text)
    RNG_IRQHandler                           0x080001bb   Thumb Code     0  startup_stm32l476xx.o(.text)
    RTC_Alarm_IRQHandler                     0x080001bb   Thumb Code     0  startup_stm32l476xx.o(.text)
    RTC_WKUP_IRQHandler                      0x080001bb   Thumb Code     0  startup_stm32l476xx.o(.text)
    SAI1_IRQHandler                          0x080001bb   Thumb Code     0  startup_stm32l476xx.o(.text)
    SAI2_IRQHandler                          0x080001bb   Thumb Code     0  startup_stm32l476xx.o(.text)
    SDMMC1_IRQHandler                        0x080001bb   Thumb Code     0  startup_stm32l476xx.o(.text)
    SPI1_IRQHandler                          0x080001bb   Thumb Code     0  startup_stm32l476xx.o(.text)
    SPI2_IRQHandler                          0x080001bb   Thumb Code     0  startup_stm32l476xx.o(.text)
    SPI3_IRQHandler                          0x080001bb   Thumb Code     0  startup_stm32l476xx.o(.text)
    SWPMI1_IRQHandler                        0x080001bb   Thumb Code     0  startup_stm32l476xx.o(.text)
    TAMP_STAMP_IRQHandler                    0x080001bb   Thumb Code     0  startup_stm32l476xx.o(.text)
    TIM1_BRK_TIM15_IRQHandler                0x080001bb   Thumb Code     0  startup_stm32l476xx.o(.text)
    TIM1_CC_IRQHandler                       0x080001bb   Thumb Code     0  startup_stm32l476xx.o(.text)
    TIM1_TRG_COM_TIM17_IRQHandler            0x080001bb   Thumb Code     0  startup_stm32l476xx.o(.text)
    TIM2_IRQHandler                          0x080001bb   Thumb Code     0  startup_stm32l476xx.o(.text)
    TIM3_IRQHandler                          0x080001bb   Thumb Code     0  startup_stm32l476xx.o(.text)
    TIM4_IRQHandler                          0x080001bb   Thumb Code     0  startup_stm32l476xx.o(.text)
    TIM5_IRQHandler                          0x080001bb   Thumb Code     0  startup_stm32l476xx.o(.text)
    TIM6_DAC_IRQHandler                      0x080001bb   Thumb Code     0  startup_stm32l476xx.o(.text)
    TIM7_IRQHandler                          0x080001bb   Thumb Code     0  startup_stm32l476xx.o(.text)
    TIM8_BRK_IRQHandler                      0x080001bb   Thumb Code     0  startup_stm32l476xx.o(.text)
    TIM8_CC_IRQHandler                       0x080001bb   Thumb Code     0  startup_stm32l476xx.o(.text)
    TIM8_TRG_COM_IRQHandler                  0x080001bb   Thumb Code     0  startup_stm32l476xx.o(.text)
    TIM8_UP_IRQHandler                       0x080001bb   Thumb Code     0  startup_stm32l476xx.o(.text)
    TSC_IRQHandler                           0x080001bb   Thumb Code     0  startup_stm32l476xx.o(.text)
    UART4_IRQHandler                         0x080001bb   Thumb Code     0  startup_stm32l476xx.o(.text)
    UART5_IRQHandler                         0x080001bb   Thumb Code     0  startup_stm32l476xx.o(.text)
    USART1_IRQHandler                        0x080001bb   Thumb Code     0  startup_stm32l476xx.o(.text)
    USART2_IRQHandler                        0x080001bb   Thumb Code     0  startup_stm32l476xx.o(.text)
    USART3_IRQHandler                        0x080001bb   Thumb Code     0  startup_stm32l476xx.o(.text)
    WWDG_IRQHandler                          0x080001bb   Thumb Code     0  startup_stm32l476xx.o(.text)
    rt_hw_interrupt_disable                  0x080001c5   Thumb Code     8  context_rvds.o(.text)
    rt_hw_interrupt_enable                   0x080001cd   Thumb Code     6  context_rvds.o(.text)
    rt_hw_context_switch                     0x080001d3   Thumb Code    32  context_rvds.o(.text)
    rt_hw_context_switch_interrupt           0x080001d3   Thumb Code     0  context_rvds.o(.text)
    PendSV_Handler                           0x080001f3   Thumb Code   108  context_rvds.o(.text)
    rt_hw_context_switch_to                  0x0800025f   Thumb Code    70  context_rvds.o(.text)
    rt_hw_interrupt_thread_switch            0x080002a5   Thumb Code     2  context_rvds.o(.text)
    HardFault_Handler                        0x080002a7   Thumb Code    56  context_rvds.o(.text)
    __aeabi_uldivmod                         0x08000305   Thumb Code    98  uldiv.o(.text)
    __aeabi_memcpy                           0x0800036d   Thumb Code    36  memcpya.o(.text)
    __aeabi_memcpy4                          0x0800036d   Thumb Code     0  memcpya.o(.text)
    __aeabi_memcpy8                          0x0800036d   Thumb Code     0  memcpya.o(.text)
    __aeabi_memset                           0x08000391   Thumb Code    14  memseta.o(.text)
    __aeabi_memset4                          0x08000391   Thumb Code     0  memseta.o(.text)
    __aeabi_memset8                          0x08000391   Thumb Code     0  memseta.o(.text)
    __aeabi_memclr                           0x0800039f   Thumb Code     4  memseta.o(.text)
    __aeabi_memclr4                          0x0800039f   Thumb Code     0  memseta.o(.text)
    __aeabi_memclr8                          0x0800039f   Thumb Code     0  memseta.o(.text)
    _memset$wrapper                          0x080003a3   Thumb Code    18  memseta.o(.text)
    strcat                                   0x080003b5   Thumb Code    24  strcat.o(.text)
    strncpy                                  0x080003cd   Thumb Code    24  strncpy.o(.text)
    strlen                                   0x080003e5   Thumb Code    14  strlen.o(.text)
    strcpy                                   0x080003f3   Thumb Code    18  strcpy.o(.text)
    strncmp                                  0x08000405   Thumb Code    30  strncmp.o(.text)
    __aeabi_llsl                             0x08000423   Thumb Code    30  llshl.o(.text)
    _ll_shift_l                              0x08000423   Thumb Code     0  llshl.o(.text)
    __aeabi_llsr                             0x08000441   Thumb Code    32  llushr.o(.text)
    _ll_ushift_r                             0x08000441   Thumb Code     0  llushr.o(.text)
    __scatterload                            0x08000461   Thumb Code    28  init.o(.text)
    __scatterload_rt2                        0x08000461   Thumb Code     0  init.o(.text)
    main                                     0x08000485   Thumb Code    10  components.o(i.$Sub$$main)
    BusFault_Handler                         0x0800048f   Thumb Code     4  stm32l4xx_it.o(i.BusFault_Handler)
    DebugMon_Handler                         0x08000493   Thumb Code     2  stm32l4xx_it.o(i.DebugMon_Handler)
    Error_Handler                            0x08000495   Thumb Code     6  main.o(i.Error_Handler)
    HAL_GPIO_Init                            0x0800049d   Thumb Code   480  stm32l4xx_hal_gpio.o(i.HAL_GPIO_Init)
    HAL_GPIO_WritePin                        0x080006a1   Thumb Code    10  stm32l4xx_hal_gpio.o(i.HAL_GPIO_WritePin)
    HAL_GetTick                              0x080006ad   Thumb Code     6  stm32l4xx_hal.o(i.HAL_GetTick)
    HAL_I2CEx_ConfigAnalogFilter             0x080006b9   Thumb Code   106  stm32l4xx_hal_i2c_ex.o(i.HAL_I2CEx_ConfigAnalogFilter)
    HAL_I2CEx_ConfigDigitalFilter            0x08000723   Thumb Code   104  stm32l4xx_hal_i2c_ex.o(i.HAL_I2CEx_ConfigDigitalFilter)
    HAL_I2C_Init                             0x0800078d   Thumb Code   192  stm32l4xx_hal_i2c.o(i.HAL_I2C_Init)
    HAL_I2C_MspInit                          0x08000851   Thumb Code   204  i2c.o(i.HAL_I2C_MspInit)
    HAL_IncTick                              0x0800092d   Thumb Code    16  stm32l4xx_hal.o(i.HAL_IncTick)
    HAL_Init                                 0x08000945   Thumb Code    42  stm32l4xx_hal.o(i.HAL_Init)
    HAL_InitTick                             0x08000975   Thumb Code   118  stm32l4xx_hal_timebase_tim.o(i.HAL_InitTick)
    HAL_MspInit                              0x080009fd   Thumb Code    58  stm32l4xx_hal_msp.o(i.HAL_MspInit)
    HAL_NVIC_EnableIRQ                       0x08000a3d   Thumb Code    40  stm32l4xx_hal_cortex.o(i.HAL_NVIC_EnableIRQ)
    HAL_NVIC_SetPriority                     0x08000a65   Thumb Code   124  stm32l4xx_hal_cortex.o(i.HAL_NVIC_SetPriority)
    HAL_NVIC_SetPriorityGrouping             0x08000ae9   Thumb Code    32  stm32l4xx_hal_cortex.o(i.HAL_NVIC_SetPriorityGrouping)
    HAL_PWREx_ControlVoltageScaling          0x08000b11   Thumb Code   128  stm32l4xx_hal_pwr_ex.o(i.HAL_PWREx_ControlVoltageScaling)
    HAL_PWREx_GetVoltageRange                0x08000b9d   Thumb Code    10  stm32l4xx_hal_pwr_ex.o(i.HAL_PWREx_GetVoltageRange)
    HAL_RCCEx_PeriphCLKConfig                0x08000bad   Thumb Code  1230  stm32l4xx_hal_rcc_ex.o(i.HAL_RCCEx_PeriphCLKConfig)
    HAL_RCC_ClockConfig                      0x08001081   Thumb Code   360  stm32l4xx_hal_rcc.o(i.HAL_RCC_ClockConfig)
    HAL_RCC_GetClockConfig                   0x080011fd   Thumb Code    58  stm32l4xx_hal_rcc.o(i.HAL_RCC_GetClockConfig)
    HAL_RCC_GetHCLKFreq                      0x08001241   Thumb Code     6  stm32l4xx_hal_rcc.o(i.HAL_RCC_GetHCLKFreq)
    HAL_RCC_GetPCLK1Freq                     0x0800124d   Thumb Code    26  stm32l4xx_hal_rcc.o(i.HAL_RCC_GetPCLK1Freq)
    HAL_RCC_GetPCLK2Freq                     0x08001271   Thumb Code    26  stm32l4xx_hal_rcc.o(i.HAL_RCC_GetPCLK2Freq)
    HAL_RCC_GetSysClockFreq                  0x08001295   Thumb Code   220  stm32l4xx_hal_rcc.o(i.HAL_RCC_GetSysClockFreq)
    HAL_RCC_OscConfig                        0x08001381   Thumb Code  1772  stm32l4xx_hal_rcc.o(i.HAL_RCC_OscConfig)
    HAL_TIMEx_Break2Callback                 0x08001a7d   Thumb Code     2  stm32l4xx_hal_tim_ex.o(i.HAL_TIMEx_Break2Callback)
    HAL_TIMEx_BreakCallback                  0x08001a7f   Thumb Code     2  stm32l4xx_hal_tim_ex.o(i.HAL_TIMEx_BreakCallback)
    HAL_TIMEx_CommutCallback                 0x08001a81   Thumb Code     2  stm32l4xx_hal_tim_ex.o(i.HAL_TIMEx_CommutCallback)
    HAL_TIM_Base_Init                        0x08001a83   Thumb Code   110  stm32l4xx_hal_tim.o(i.HAL_TIM_Base_Init)
    HAL_TIM_Base_MspInit                     0x08001af1   Thumb Code     2  stm32l4xx_hal_tim.o(i.HAL_TIM_Base_MspInit)
    HAL_TIM_Base_Start_IT                    0x08001af5   Thumb Code   138  stm32l4xx_hal_tim.o(i.HAL_TIM_Base_Start_IT)
    HAL_TIM_IC_CaptureCallback               0x08001b9d   Thumb Code     2  stm32l4xx_hal_tim.o(i.HAL_TIM_IC_CaptureCallback)
    HAL_TIM_IRQHandler                       0x08001b9f   Thumb Code   440  stm32l4xx_hal_tim.o(i.HAL_TIM_IRQHandler)
    HAL_TIM_OC_DelayElapsedCallback          0x08001d57   Thumb Code     2  stm32l4xx_hal_tim.o(i.HAL_TIM_OC_DelayElapsedCallback)
    HAL_TIM_PWM_PulseFinishedCallback        0x08001d59   Thumb Code     2  stm32l4xx_hal_tim.o(i.HAL_TIM_PWM_PulseFinishedCallback)
    HAL_TIM_PeriodElapsedCallback            0x08001d5d   Thumb Code    18  main.o(i.HAL_TIM_PeriodElapsedCallback)
    HAL_TIM_TriggerCallback                  0x08001d75   Thumb Code     2  stm32l4xx_hal_tim.o(i.HAL_TIM_TriggerCallback)
    HAL_UART_Init                            0x08001d77   Thumb Code   116  stm32l4xx_hal_uart.o(i.HAL_UART_Init)
    HAL_UART_MspInit                         0x08001ded   Thumb Code   206  usart.o(i.HAL_UART_MspInit)
    HAL_UART_Transmit                        0x08001ec9   Thumb Code   210  stm32l4xx_hal_uart.o(i.HAL_UART_Transmit)
    MX_GPIO_Init                             0x08001fa1   Thumb Code   210  gpio.o(i.MX_GPIO_Init)
    MX_I2C1_Init                             0x08002085   Thumb Code    74  i2c.o(i.MX_I2C1_Init)
    MX_I2C2_Init                             0x080020dd   Thumb Code    74  i2c.o(i.MX_I2C2_Init)
    MX_USART1_UART_Init                      0x08002135   Thumb Code    56  usart.o(i.MX_USART1_UART_Init)
    MemManage_Handler                        0x08002175   Thumb Code     4  stm32l4xx_it.o(i.MemManage_Handler)
    NMI_Handler                              0x08002179   Thumb Code     4  stm32l4xx_it.o(i.NMI_Handler)
    SysTick_Handler                          0x08002509   Thumb Code    20  board.o(i.SysTick_Handler)
    SystemClock_Config                       0x0800251d   Thumb Code   152  main.o(i.SystemClock_Config)
    SystemCoreClockUpdate                    0x080025b5   Thumb Code   200  system_stm32l4xx.o(i.SystemCoreClockUpdate)
    SystemInit                               0x08002695   Thumb Code    60  system_stm32l4xx.o(i.SystemInit)
    TIM1_UP_TIM16_IRQHandler                 0x080026dd   Thumb Code    10  stm32l4xx_it.o(i.TIM1_UP_TIM16_IRQHandler)
    TIM_Base_SetConfig                       0x080026ed   Thumb Code   170  stm32l4xx_hal_tim.o(i.TIM_Base_SetConfig)
    UART_AdvFeatureConfig                    0x080027b9   Thumb Code   248  stm32l4xx_hal_uart.o(i.UART_AdvFeatureConfig)
    UART_CheckIdleState                      0x080028b1   Thumb Code   114  stm32l4xx_hal_uart.o(i.UART_CheckIdleState)
    UART_SetConfig                           0x08002925   Thumb Code   842  stm32l4xx_hal_uart.o(i.UART_SetConfig)
    UART_WaitOnFlagUntilTimeout              0x08002c9b   Thumb Code   182  stm32l4xx_hal_uart.o(i.UART_WaitOnFlagUntilTimeout)
    UsageFault_Handler                       0x08002d51   Thumb Code     4  stm32l4xx_it.o(i.UsageFault_Handler)
    __rt_ffs                                 0x08002dbd   Thumb Code    70  kservice.o(i.__rt_ffs)
    __scatterload_copy                       0x08002e09   Thumb Code    14  handlers.o(i.__scatterload_copy)
    __scatterload_null                       0x08002e17   Thumb Code     2  handlers.o(i.__scatterload_null)
    __scatterload_zeroinit                   0x08002e19   Thumb Code    14  handlers.o(i.__scatterload_zeroinit)
    cmd_ps                                   0x08003105   Thumb Code    14  msh.o(i.cmd_ps)
    finsh_get_prompt                         0x08003115   Thumb Code    84  shell.o(i.finsh_get_prompt)
    finsh_set_prompt_mode                    0x08003191   Thumb Code    42  shell.o(i.finsh_set_prompt_mode)
    finsh_system_function_init               0x080031d9   Thumb Code    10  shell.o(i.finsh_system_function_init)
    finsh_system_init                        0x080031ed   Thumb Code    88  shell.o(i.finsh_system_init)
    finsh_thread_entry                       0x08003271   Thumb Code   936  shell.o(i.finsh_thread_entry)
    hello                                    0x080036b9   Thumb Code    12  cmd.o(i.hello)
    list                                     0x08003705   Thumb Code    52  cmd.o(i.list)
    list_sem                                 0x08003815   Thumb Code   224  cmd.o(i.list_sem)
    list_thread                              0x0800395d   Thumb Code   294  cmd.o(i.list_thread)
    list_timer                               0x08003b49   Thumb Code   190  cmd.o(i.list_timer)
    $Super$$main                             0x08003ca9   Thumb Code    66  main.o(i.main)
    main_thread_entry                        0x08003d21   Thumb Code    14  components.o(i.main_thread_entry)
    msh_auto_complete                        0x08003e19   Thumb Code   138  msh.o(i.msh_auto_complete)
    msh_exec                                 0x08003eb9   Thumb Code    82  msh.o(i.msh_exec)
    msh_help                                 0x08003f81   Thumb Code    64  msh.o(i.msh_help)
    msh_is_used                              0x08003ff5   Thumb Code     4  msh.o(i.msh_is_used)
    rt_application_init                      0x080042a5   Thumb Code    56  components.o(i.rt_application_init)
    rt_assert_handler                        0x08004305   Thumb Code    56  kservice.o(i.rt_assert_handler)
    rt_components_board_init                 0x08004379   Thumb Code    20  components.o(i.rt_components_board_init)
    rt_components_init                       0x08004395   Thumb Code    20  components.o(i.rt_components_init)
    rt_enter_critical                        0x080043b1   Thumb Code    28  scheduler.o(i.rt_enter_critical)
    rt_exit_critical                         0x080043d1   Thumb Code    60  scheduler.o(i.rt_exit_critical)
    rt_hw_board_init                         0x08004415   Thumb Code    42  board.o(i.rt_hw_board_init)
    rt_hw_console_getchar                    0x08004445   Thumb Code    58  board.o(i.rt_hw_console_getchar)
    rt_hw_console_output                     0x08004485   Thumb Code    74  board.o(i.rt_hw_console_output)
    rt_hw_hard_fault_exception               0x080044d5   Thumb Code   220  cpuport.o(i.rt_hw_hard_fault_exception)
    rt_hw_stack_init                         0x08004701   Thumb Code    74  cpuport.o(i.rt_hw_stack_init)
    rt_interrupt_enter                       0x08004751   Thumb Code    30  irq.o(i.rt_interrupt_enter)
    rt_interrupt_get_nest                    0x08004775   Thumb Code     6  irq.o(i.rt_interrupt_get_nest)
    rt_interrupt_leave                       0x08004781   Thumb Code    30  irq.o(i.rt_interrupt_leave)
    rt_kprintf                               0x080047a5   Thumb Code    44  kservice.o(i.rt_kprintf)
    rt_memmove                               0x08004833   Thumb Code    66  kservice.o(i.rt_memmove)
    rt_memset                                0x08004875   Thumb Code    72  kservice.o(i.rt_memset)
    rt_object_detach                         0x080048bd   Thumb Code    58  object.o(i.rt_object_detach)
    rt_object_get_information                0x08004911   Thumb Code    36  object.o(i.rt_object_get_information)
    rt_object_get_type                       0x08004939   Thumb Code    26  object.o(i.rt_object_get_type)
    rt_object_init                           0x0800496d   Thumb Code   124  object.o(i.rt_object_init)
    rt_object_is_systemobject                0x08004a15   Thumb Code    34  object.o(i.rt_object_is_systemobject)
    rt_schedule                              0x08004a51   Thumb Code   114  scheduler.o(i.rt_schedule)
    rt_schedule_insert_thread                0x08004add   Thumb Code    90  scheduler.o(i.rt_schedule_insert_thread)
    rt_schedule_remove_thread                0x08004b59   Thumb Code    94  scheduler.o(i.rt_schedule_remove_thread)
    rt_sem_init                              0x08004bd9   Thumb Code    74  ipc.o(i.rt_sem_init)
    rt_show_version                          0x08004c4d   Thumb Code    38  kservice.o(i.rt_show_version)
    rt_strlen                                0x08004cfd   Thumb Code    18  kservice.o(i.rt_strlen)
    rt_strncpy                               0x08004d0f   Thumb Code    52  kservice.o(i.rt_strncpy)
    rt_system_scheduler_init                 0x08004d45   Thumb Code    56  scheduler.o(i.rt_system_scheduler_init)
    rt_system_scheduler_start                0x08004d95   Thumb Code    36  scheduler.o(i.rt_system_scheduler_start)
    rt_system_timer_init                     0x08004dc5   Thumb Code    24  timer.o(i.rt_system_timer_init)
    rt_system_timer_thread_init              0x08004de1   Thumb Code     2  timer.o(i.rt_system_timer_thread_init)
    rt_thread_exit                           0x08004de5   Thumb Code    76  thread.o(i.rt_thread_exit)
    rt_thread_idle_excute                    0x08004e41   Thumb Code   162  idle.o(i.rt_thread_idle_excute)
    rt_thread_idle_init                      0x08004f19   Thumb Code    38  idle.o(i.rt_thread_idle_init)
    rt_thread_init                           0x08004f55   Thumb Code    74  thread.o(i.rt_thread_init)
    rt_thread_mdelay                         0x08004fd7   Thumb Code    20  thread.o(i.rt_thread_mdelay)
    rt_thread_resume                         0x08004fed   Thumb Code   104  thread.o(i.rt_thread_resume)
    rt_thread_self                           0x08005071   Thumb Code     6  thread.o(i.rt_thread_self)
    rt_thread_sleep                          0x0800507d   Thumb Code    98  thread.o(i.rt_thread_sleep)
    rt_thread_startup                        0x08005101   Thumb Code   110  thread.o(i.rt_thread_startup)
    rt_thread_suspend                        0x080051c5   Thumb Code   112  thread.o(i.rt_thread_suspend)
    rt_thread_timeout                        0x08005251   Thumb Code    92  thread.o(i.rt_thread_timeout)
    rt_thread_yield                          0x08005305   Thumb Code    92  thread.o(i.rt_thread_yield)
    rt_tick_from_millisecond                 0x08005369   Thumb Code    56  clock.o(i.rt_tick_from_millisecond)
    rt_tick_get                              0x080053a1   Thumb Code     6  clock.o(i.rt_tick_get)
    rt_tick_increase                         0x080053ad   Thumb Code    42  clock.o(i.rt_tick_increase)
    rt_timer_check                           0x080053dd   Thumb Code   130  timer.o(i.rt_timer_check)
    rt_timer_control                         0x08005465   Thumb Code    98  timer.o(i.rt_timer_control)
    rt_timer_detach                          0x0800551d   Thumb Code    82  timer.o(i.rt_timer_detach)
    rt_timer_init                            0x080055f1   Thumb Code    58  timer.o(i.rt_timer_init)
    rt_timer_start                           0x08005645   Thumb Code   296  timer.o(i.rt_timer_start)
    rt_timer_stop                            0x080057ed   Thumb Code    84  timer.o(i.rt_timer_stop)
    rt_vsnprintf                             0x08005895   Thumb Code   808  kservice.o(i.rt_vsnprintf)
    rtthread_startup                         0x08005bdb   Thumb Code    42  components.o(i.rtthread_startup)
    version                                  0x08005d9d   Thumb Code    10  cmd.o(i.version)
    AHBPrescTable                            0x08005da8   Data          16  system_stm32l4xx.o(.constdata)
    APBPrescTable                            0x08005db8   Data           8  system_stm32l4xx.o(.constdata)
    MSIRangeTable                            0x08005dc0   Data          48  system_stm32l4xx.o(.constdata)
    __fsym_hello_name                        0x08005e3a   Data           6  cmd.o(.constdata)
    __fsym_version_name                      0x08005e40   Data           8  cmd.o(.constdata)
    __fsym___cmd_version_name                0x08005e48   Data          14  cmd.o(.constdata)
    __fsym_list_thread_name                  0x08005e56   Data          12  cmd.o(.constdata)
    __fsym___cmd_list_thread_name            0x08005e62   Data          18  cmd.o(.constdata)
    __fsym_list_sem_name                     0x08005e74   Data           9  cmd.o(.constdata)
    __fsym___cmd_list_sem_name               0x08005e7d   Data          15  cmd.o(.constdata)
    __fsym_list_timer_name                   0x08005e8c   Data          11  cmd.o(.constdata)
    __fsym___cmd_list_timer_name             0x08005e97   Data          17  cmd.o(.constdata)
    __fsym_list_name                         0x08005ea8   Data           5  cmd.o(.constdata)
    __fsym___cmd_help_name                   0x08005ead   Data          11  msh.o(.constdata)
    __fsym___cmd_ps_name                     0x08005eb8   Data           9  msh.o(.constdata)
    __lowest_bit_bitmap                      0x08005f3d   Data         256  kservice.o(.constdata)
    __rt_init_rti_start                      0x0800626c   Data           4  components.o(.rti_fn.0)
    __rt_init_rti_board_start                0x08006270   Data           4  components.o(.rti_fn.0.end)
    __rt_init_rti_board_end                  0x08006274   Data           4  components.o(.rti_fn.1.end)
    __rt_init_finsh_system_init              0x08006278   Data           4  shell.o(.rti_fn.6)
    __rt_init_rti_end                        0x0800627c   Data           4  components.o(.rti_fn.6.end)
    FSymTab$$Base                            0x08006280   Number         0  cmd.o(FSymTab)
    __fsym_hello                             0x08006280   Data           8  cmd.o(FSymTab)
    __fsym_version                           0x08006288   Data           8  cmd.o(FSymTab)
    __fsym___cmd_version                     0x08006290   Data           8  cmd.o(FSymTab)
    __fsym_list_thread                       0x08006298   Data           8  cmd.o(FSymTab)
    __fsym___cmd_list_thread                 0x080062a0   Data           8  cmd.o(FSymTab)
    __fsym_list_sem                          0x080062a8   Data           8  cmd.o(FSymTab)
    __fsym___cmd_list_sem                    0x080062b0   Data           8  cmd.o(FSymTab)
    __fsym_list_timer                        0x080062b8   Data           8  cmd.o(FSymTab)
    __fsym___cmd_list_timer                  0x080062c0   Data           8  cmd.o(FSymTab)
    __fsym_list                              0x080062c8   Data           8  cmd.o(FSymTab)
    __fsym___cmd_help                        0x080062d0   Data           8  msh.o(FSymTab)
    __fsym___cmd_ps                          0x080062d8   Data           8  msh.o(FSymTab)
    FSymTab$$Limit                           0x080062e0   Number         0  msh.o(FSymTab)
    Region$$Table$$Base                      0x080062e0   Number         0  anon$$obj.o(Region$$Table)
    Region$$Table$$Limit                     0x08006300   Number         0  anon$$obj.o(Region$$Table)
    uwTick                                   0x20000000   Data           4  stm32l4xx_hal.o(.data)
    uwTickPrio                               0x20000004   Data           4  stm32l4xx_hal.o(.data)
    uwTickFreq                               0x20000008   Data           1  stm32l4xx_hal.o(.data)
    SystemCoreClock                          0x2000000c   Data           4  system_stm32l4xx.o(.data)
    _syscall_table_begin                     0x20000010   Data           4  shell.o(.data)
    _syscall_table_end                       0x20000014   Data           4  shell.o(.data)
    _sysvar_table_begin                      0x20000018   Data           4  shell.o(.data)
    _sysvar_table_end                        0x2000001c   Data           4  shell.o(.data)
    shell                                    0x20000020   Data           4  shell.o(.data)
    rt_interrupt_nest                        0x2000002c   Data           1  irq.o(.data)
    rt_assert_hook                           0x20000034   Data           4  kservice.o(.data)
    rt_current_thread                        0x2000006c   Data           4  scheduler.o(.data)
    rt_current_priority                      0x20000070   Data           1  scheduler.o(.data)
    rt_thread_ready_priority_group           0x20000074   Data           4  scheduler.o(.data)
    rt_thread_defunct                        0x20000078   Data           8  scheduler.o(.data)
    rt_interrupt_from_thread                 0x2000008c   Data           4  cpuport.o(.data)
    rt_interrupt_to_thread                   0x20000090   Data           4  cpuport.o(.data)
    rt_thread_switch_interrupt_flag          0x20000094   Data           4  cpuport.o(.data)
    hi2c1                                    0x20000314   Data          76  i2c.o(.bss)
    hi2c2                                    0x20000360   Data          76  i2c.o(.bss)
    huart1                                   0x200003ac   Data         132  usart.o(.bss)
    huart2                                   0x20000430   Data         132  usart.o(.bss)
    htim1                                    0x200004b4   Data          76  stm32l4xx_hal_timebase_tim.o(.bss)
    _shell                                   0x20000778   Data         120  shell.o(.bss)
    main_thread                              0x20000c78   Data         120  components.o(.bss)
    rt_thread_priority_table                 0x20000e68   Data         256  scheduler.o(.bss)
    __initial_sp                             0x20001368   Data           0  startup_stm32l476xx.o(STACK)



==============================================================================

Memory Map of the image

  Image Entry point : 0x08000189

  Load Region LR_IROM1 (Base: 0x08000000, Size: 0x0000639c, Max: 0x00100000, ABSOLUTE)

    Execution Region ER_IROM1 (Exec base: 0x08000000, Load base: 0x08000000, Size: 0x00006300, Max: 0x00100000, ABSOLUTE)

    Exec Addr    Load Addr    Size         Type   Attr      Idx    E Section Name        Object

    0x08000000   0x08000000   0x00000188   Data   RO            3    RESET               startup_stm32l476xx.o
    0x08000188   0x08000188   0x00000000   Code   RO         5078  * .ARM.Collect$$$$00000000  mc_w.l(entry.o)
    0x08000188   0x08000188   0x00000004   Code   RO         5099    .ARM.Collect$$$$00000001  mc_w.l(entry2.o)
    0x0800018c   0x0800018c   0x00000004   Code   RO         5102    .ARM.Collect$$$$00000004  mc_w.l(entry5.o)
    0x08000190   0x08000190   0x00000000   Code   RO         5104    .ARM.Collect$$$$00000008  mc_w.l(entry7b.o)
    0x08000190   0x08000190   0x00000000   Code   RO         5106    .ARM.Collect$$$$0000000A  mc_w.l(entry8b.o)
    0x08000190   0x08000190   0x00000008   Code   RO         5107    .ARM.Collect$$$$0000000B  mc_w.l(entry9a.o)
    0x08000198   0x08000198   0x00000004   Code   RO         5114    .ARM.Collect$$$$0000000E  mc_w.l(entry12b.o)
    0x0800019c   0x0800019c   0x00000000   Code   RO         5109    .ARM.Collect$$$$0000000F  mc_w.l(entry10a.o)
    0x0800019c   0x0800019c   0x00000000   Code   RO         5111    .ARM.Collect$$$$00000011  mc_w.l(entry11a.o)
    0x0800019c   0x0800019c   0x00000004   Code   RO         5100    .ARM.Collect$$$$00002712  mc_w.l(entry2.o)
    0x080001a0   0x080001a0   0x00000024   Code   RO            4    .text               startup_stm32l476xx.o
    0x080001c4   0x080001c4   0x00000140   Code   RO         4215    .text               context_rvds.o
    0x08000304   0x08000304   0x00000068   Code   RO         5081    .text               mc_w.l(uldiv.o)
    0x0800036c   0x0800036c   0x00000024   Code   RO         5083    .text               mc_w.l(memcpya.o)
    0x08000390   0x08000390   0x00000024   Code   RO         5085    .text               mc_w.l(memseta.o)
    0x080003b4   0x080003b4   0x00000018   Code   RO         5087    .text               mc_w.l(strcat.o)
    0x080003cc   0x080003cc   0x00000018   Code   RO         5089    .text               mc_w.l(strncpy.o)
    0x080003e4   0x080003e4   0x0000000e   Code   RO         5091    .text               mc_w.l(strlen.o)
    0x080003f2   0x080003f2   0x00000012   Code   RO         5093    .text               mc_w.l(strcpy.o)
    0x08000404   0x08000404   0x0000001e   Code   RO         5095    .text               mc_w.l(strncmp.o)
    0x08000422   0x08000422   0x0000001e   Code   RO         5115    .text               mc_w.l(llshl.o)
    0x08000440   0x08000440   0x00000020   Code   RO         5117    .text               mc_w.l(llushr.o)
    0x08000460   0x08000460   0x00000024   Code   RO         5119    .text               mc_w.l(init.o)
    0x08000484   0x08000484   0x0000000a   Code   RO         4304    i.$Sub$$main        components.o
    0x0800048e   0x0800048e   0x00000004   Code   RO          330    i.BusFault_Handler  stm32l4xx_it.o
    0x08000492   0x08000492   0x00000002   Code   RO          331    i.DebugMon_Handler  stm32l4xx_it.o
    0x08000494   0x08000494   0x00000006   Code   RO           13    i.Error_Handler     main.o
    0x0800049a   0x0800049a   0x00000002   PAD
    0x0800049c   0x0800049c   0x00000204   Code   RO         1684    i.HAL_GPIO_Init     stm32l4xx_hal_gpio.o
    0x080006a0   0x080006a0   0x0000000a   Code   RO         1688    i.HAL_GPIO_WritePin  stm32l4xx_hal_gpio.o
    0x080006aa   0x080006aa   0x00000002   PAD
    0x080006ac   0x080006ac   0x0000000c   Code   RO          978    i.HAL_GetTick       stm32l4xx_hal.o
    0x080006b8   0x080006b8   0x0000006a   Code   RO          913    i.HAL_I2CEx_ConfigAnalogFilter  stm32l4xx_hal_i2c_ex.o
    0x08000722   0x08000722   0x00000068   Code   RO          914    i.HAL_I2CEx_ConfigDigitalFilter  stm32l4xx_hal_i2c_ex.o
    0x0800078a   0x0800078a   0x00000002   PAD
    0x0800078c   0x0800078c   0x000000c4   Code   RO          462    i.HAL_I2C_Init      stm32l4xx_hal_i2c.o
    0x08000850   0x08000850   0x000000dc   Code   RO          232    i.HAL_I2C_MspInit   i2c.o
    0x0800092c   0x0800092c   0x00000018   Code   RO          984    i.HAL_IncTick       stm32l4xx_hal.o
    0x08000944   0x08000944   0x00000030   Code   RO          985    i.HAL_Init          stm32l4xx_hal.o
    0x08000974   0x08000974   0x00000088   Code   RO          412    i.HAL_InitTick      stm32l4xx_hal_timebase_tim.o
    0x080009fc   0x080009fc   0x00000040   Code   RO          388    i.HAL_MspInit       stm32l4xx_hal_msp.o
    0x08000a3c   0x08000a3c   0x00000028   Code   RO         2231    i.HAL_NVIC_EnableIRQ  stm32l4xx_hal_cortex.o
    0x08000a64   0x08000a64   0x00000082   Code   RO         2237    i.HAL_NVIC_SetPriority  stm32l4xx_hal_cortex.o
    0x08000ae6   0x08000ae6   0x00000002   PAD
    0x08000ae8   0x08000ae8   0x00000028   Code   RO         2238    i.HAL_NVIC_SetPriorityGrouping  stm32l4xx_hal_cortex.o
    0x08000b10   0x08000b10   0x0000008c   Code   RO         1975    i.HAL_PWREx_ControlVoltageScaling  stm32l4xx_hal_pwr_ex.o
    0x08000b9c   0x08000b9c   0x00000010   Code   RO         2006    i.HAL_PWREx_GetVoltageRange  stm32l4xx_hal_pwr_ex.o
    0x08000bac   0x08000bac   0x000004d4   Code   RO         1317    i.HAL_RCCEx_PeriphCLKConfig  stm32l4xx_hal_rcc_ex.o
    0x08001080   0x08001080   0x0000017c   Code   RO         1202    i.HAL_RCC_ClockConfig  stm32l4xx_hal_rcc.o
    0x080011fc   0x080011fc   0x00000044   Code   RO         1205    i.HAL_RCC_GetClockConfig  stm32l4xx_hal_rcc.o
    0x08001240   0x08001240   0x0000000c   Code   RO         1206    i.HAL_RCC_GetHCLKFreq  stm32l4xx_hal_rcc.o
    0x0800124c   0x0800124c   0x00000024   Code   RO         1208    i.HAL_RCC_GetPCLK1Freq  stm32l4xx_hal_rcc.o
    0x08001270   0x08001270   0x00000024   Code   RO         1209    i.HAL_RCC_GetPCLK2Freq  stm32l4xx_hal_rcc.o
    0x08001294   0x08001294   0x000000ec   Code   RO         1210    i.HAL_RCC_GetSysClockFreq  stm32l4xx_hal_rcc.o
    0x08001380   0x08001380   0x000006fc   Code   RO         1213    i.HAL_RCC_OscConfig  stm32l4xx_hal_rcc.o
    0x08001a7c   0x08001a7c   0x00000002   Code   RO         3165    i.HAL_TIMEx_Break2Callback  stm32l4xx_hal_tim_ex.o
    0x08001a7e   0x08001a7e   0x00000002   Code   RO         3166    i.HAL_TIMEx_BreakCallback  stm32l4xx_hal_tim_ex.o
    0x08001a80   0x08001a80   0x00000002   Code   RO         3167    i.HAL_TIMEx_CommutCallback  stm32l4xx_hal_tim_ex.o
    0x08001a82   0x08001a82   0x0000006e   Code   RO         2440    i.HAL_TIM_Base_Init  stm32l4xx_hal_tim.o
    0x08001af0   0x08001af0   0x00000002   Code   RO         2442    i.HAL_TIM_Base_MspInit  stm32l4xx_hal_tim.o
    0x08001af2   0x08001af2   0x00000002   PAD
    0x08001af4   0x08001af4   0x000000a8   Code   RO         2445    i.HAL_TIM_Base_Start_IT  stm32l4xx_hal_tim.o
    0x08001b9c   0x08001b9c   0x00000002   Code   RO         2474    i.HAL_TIM_IC_CaptureCallback  stm32l4xx_hal_tim.o
    0x08001b9e   0x08001b9e   0x000001b8   Code   RO         2488    i.HAL_TIM_IRQHandler  stm32l4xx_hal_tim.o
    0x08001d56   0x08001d56   0x00000002   Code   RO         2491    i.HAL_TIM_OC_DelayElapsedCallback  stm32l4xx_hal_tim.o
    0x08001d58   0x08001d58   0x00000002   Code   RO         2518    i.HAL_TIM_PWM_PulseFinishedCallback  stm32l4xx_hal_tim.o
    0x08001d5a   0x08001d5a   0x00000002   PAD
    0x08001d5c   0x08001d5c   0x00000018   Code   RO           14    i.HAL_TIM_PeriodElapsedCallback  main.o
    0x08001d74   0x08001d74   0x00000002   Code   RO         2531    i.HAL_TIM_TriggerCallback  stm32l4xx_hal_tim.o
    0x08001d76   0x08001d76   0x00000074   Code   RO         3479    i.HAL_UART_Init     stm32l4xx_hal_uart.o
    0x08001dea   0x08001dea   0x00000002   PAD
    0x08001dec   0x08001dec   0x000000dc   Code   RO          280    i.HAL_UART_MspInit  usart.o
    0x08001ec8   0x08001ec8   0x000000d8   Code   RO         3488    i.HAL_UART_Transmit  stm32l4xx_hal_uart.o
    0x08001fa0   0x08001fa0   0x000000e4   Code   RO          207    i.MX_GPIO_Init      gpio.o
    0x08002084   0x08002084   0x00000058   Code   RO          233    i.MX_I2C1_Init      i2c.o
    0x080020dc   0x080020dc   0x00000058   Code   RO          234    i.MX_I2C2_Init      i2c.o
    0x08002134   0x08002134   0x00000040   Code   RO          281    i.MX_USART1_UART_Init  usart.o
    0x08002174   0x08002174   0x00000004   Code   RO          332    i.MemManage_Handler  stm32l4xx_it.o
    0x08002178   0x08002178   0x00000004   Code   RO          333    i.NMI_Handler       stm32l4xx_it.o
    0x0800217c   0x0800217c   0x0000018c   Code   RO         1321    i.RCCEx_PLLSAI1_Config  stm32l4xx_hal_rcc_ex.o
    0x08002308   0x08002308   0x00000164   Code   RO         1322    i.RCCEx_PLLSAI2_Config  stm32l4xx_hal_rcc_ex.o
    0x0800246c   0x0800246c   0x0000009c   Code   RO         1214    i.RCC_SetFlashLatencyFromMSIRange  stm32l4xx_hal_rcc.o
    0x08002508   0x08002508   0x00000014   Code   RO         4222    i.SysTick_Handler   board.o
    0x0800251c   0x0800251c   0x00000098   Code   RO           15    i.SystemClock_Config  main.o
    0x080025b4   0x080025b4   0x000000e0   Code   RO         3936    i.SystemCoreClockUpdate  system_stm32l4xx.o
    0x08002694   0x08002694   0x00000048   Code   RO         3937    i.SystemInit        system_stm32l4xx.o
    0x080026dc   0x080026dc   0x00000010   Code   RO          334    i.TIM1_UP_TIM16_IRQHandler  stm32l4xx_it.o
    0x080026ec   0x080026ec   0x000000cc   Code   RO         2533    i.TIM_Base_SetConfig  stm32l4xx_hal_tim.o
    0x080027b8   0x080027b8   0x000000f8   Code   RO         3493    i.UART_AdvFeatureConfig  stm32l4xx_hal_uart.o
    0x080028b0   0x080028b0   0x00000072   Code   RO         3494    i.UART_CheckIdleState  stm32l4xx_hal_uart.o
    0x08002922   0x08002922   0x00000002   PAD
    0x08002924   0x08002924   0x00000376   Code   RO         3510    i.UART_SetConfig    stm32l4xx_hal_uart.o
    0x08002c9a   0x08002c9a   0x000000b6   Code   RO         3515    i.UART_WaitOnFlagUntilTimeout  stm32l4xx_hal_uart.o
    0x08002d50   0x08002d50   0x00000004   Code   RO          335    i.UsageFault_Handler  stm32l4xx_it.o
    0x08002d54   0x08002d54   0x00000030   Code   RO         4223    i._SysTick_Config   board.o
    0x08002d84   0x08002d84   0x00000010   Code   RO         2244    i.__NVIC_GetPriorityGrouping  stm32l4xx_hal_cortex.o
    0x08002d94   0x08002d94   0x00000028   Code   RO         2245    i.__NVIC_SetPriority  stm32l4xx_hal_cortex.o
    0x08002dbc   0x08002dbc   0x0000004c   Code   RO         4509    i.__rt_ffs          kservice.o
    0x08002e08   0x08002e08   0x0000000e   Code   RO         5123    i.__scatterload_copy  mc_w.l(handlers.o)
    0x08002e16   0x08002e16   0x00000002   Code   RO         5124    i.__scatterload_null  mc_w.l(handlers.o)
    0x08002e18   0x08002e18   0x0000000e   Code   RO         5125    i.__scatterload_zeroinit  mc_w.l(handlers.o)
    0x08002e26   0x08002e26   0x00000002   PAD
    0x08002e28   0x08002e28   0x00000014   Code   RO         4374    i._has_defunct_thread  idle.o
    0x08002e3c   0x08002e3c   0x00000098   Code   RO         4155    i._msh_exec_cmd     msh.o
    0x08002ed4   0x08002ed4   0x000000c2   Code   RO         4811    i._rt_thread_init   thread.o
    0x08002f96   0x08002f96   0x00000042   Code   RO         4922    i._rt_timer_init    timer.o
    0x08002fd8   0x08002fd8   0x0000002e   Code   RO         4923    i._rt_timer_remove  timer.o
    0x08003006   0x08003006   0x00000002   PAD
    0x08003008   0x08003008   0x000000fc   Code   RO         5018    i.bus_fault_track   cpuport.o
    0x08003104   0x08003104   0x0000000e   Code   RO         4156    i.cmd_ps            msh.o
    0x08003112   0x08003112   0x00000002   PAD
    0x08003114   0x08003114   0x00000074   Code   RO         3971    i.finsh_get_prompt  shell.o
    0x08003188   0x08003188   0x00000008   Code   RO         3973    i.finsh_getchar     shell.o
    0x08003190   0x08003190   0x00000048   Code   RO         3975    i.finsh_set_prompt_mode  shell.o
    0x080031d8   0x080031d8   0x00000014   Code   RO         3976    i.finsh_system_function_init  shell.o
    0x080031ec   0x080031ec   0x00000084   Code   RO         3977    i.finsh_system_init  shell.o
    0x08003270   0x08003270   0x000003c8   Code   RO         3979    i.finsh_thread_entry  shell.o
    0x08003638   0x08003638   0x00000080   Code   RO         5019    i.hard_fault_track  cpuport.o
    0x080036b8   0x080036b8   0x00000020   Code   RO         4076    i.hello             cmd.o
    0x080036d8   0x080036d8   0x0000002c   Code   RO           16    i.led_thread_entry  main.o
    0x08003704   0x08003704   0x00000058   Code   RO         4077    i.list              cmd.o
    0x0800375c   0x0800375c   0x0000002a   Code   RO         4078    i.list_find_init    cmd.o
    0x08003786   0x08003786   0x0000008e   Code   RO         4079    i.list_get_next     cmd.o
    0x08003814   0x08003814   0x00000146   Code   RO         4080    i.list_sem          cmd.o
    0x0800395a   0x0800395a   0x00000002   PAD
    0x0800395c   0x0800395c   0x000001ea   Code   RO         4081    i.list_thread       cmd.o
    0x08003b46   0x08003b46   0x00000002   PAD
    0x08003b48   0x08003b48   0x00000160   Code   RO         4082    i.list_timer        cmd.o
    0x08003ca8   0x08003ca8   0x00000078   Code   RO           17    i.main              main.o
    0x08003d20   0x08003d20   0x0000000e   Code   RO         4305    i.main_thread_entry  components.o
    0x08003d2e   0x08003d2e   0x00000002   PAD
    0x08003d30   0x08003d30   0x000000e8   Code   RO         5020    i.mem_manage_fault_track  cpuport.o
    0x08003e18   0x08003e18   0x000000a0   Code   RO         4157    i.msh_auto_complete  msh.o
    0x08003eb8   0x08003eb8   0x0000006c   Code   RO         4158    i.msh_exec          msh.o
    0x08003f24   0x08003f24   0x0000005c   Code   RO         4159    i.msh_get_cmd       msh.o
    0x08003f80   0x08003f80   0x00000074   Code   RO         4160    i.msh_help          msh.o
    0x08003ff4   0x08003ff4   0x00000004   Code   RO         4161    i.msh_is_used       msh.o
    0x08003ff8   0x08003ff8   0x000000f0   Code   RO         4162    i.msh_split         msh.o
    0x080040e8   0x080040e8   0x0000001c   Code   RO         4083    i.object_split      cmd.o
    0x08004104   0x08004104   0x0000019e   Code   RO         4511    i.print_number      kservice.o
    0x080042a2   0x080042a2   0x00000002   PAD
    0x080042a4   0x080042a4   0x00000060   Code   RO         4306    i.rt_application_init  components.o
    0x08004304   0x08004304   0x00000074   Code   RO         4512    i.rt_assert_handler  kservice.o
    0x08004378   0x08004378   0x0000001c   Code   RO         4307    i.rt_components_board_init  components.o
    0x08004394   0x08004394   0x0000001c   Code   RO         4308    i.rt_components_init  components.o
    0x080043b0   0x080043b0   0x00000020   Code   RO         4744    i.rt_enter_critical  scheduler.o
    0x080043d0   0x080043d0   0x00000044   Code   RO         4745    i.rt_exit_critical  scheduler.o
    0x08004414   0x08004414   0x00000030   Code   RO         4224    i.rt_hw_board_init  board.o
    0x08004444   0x08004444   0x00000040   Code   RO         4225    i.rt_hw_console_getchar  board.o
    0x08004484   0x08004484   0x00000050   Code   RO         4226    i.rt_hw_console_output  board.o
    0x080044d4   0x080044d4   0x0000022c   Code   RO         5024    i.rt_hw_hard_fault_exception  cpuport.o
    0x08004700   0x08004700   0x00000050   Code   RO         5025    i.rt_hw_stack_init  cpuport.o
    0x08004750   0x08004750   0x00000024   Code   RO         4482    i.rt_interrupt_enter  irq.o
    0x08004774   0x08004774   0x0000000c   Code   RO         4483    i.rt_interrupt_get_nest  irq.o
    0x08004780   0x08004780   0x00000024   Code   RO         4484    i.rt_interrupt_leave  irq.o
    0x080047a4   0x080047a4   0x00000030   Code   RO         4516    i.rt_kprintf        kservice.o
    0x080047d4   0x080047d4   0x00000006   Code   RO         4746    i.rt_list_init      scheduler.o
    0x080047da   0x080047da   0x00000006   Code   RO         4924    i.rt_list_init      timer.o
    0x080047e0   0x080047e0   0x0000000e   Code   RO         4812    i.rt_list_insert_after  thread.o
    0x080047ee   0x080047ee   0x0000000e   Code   RO         4925    i.rt_list_insert_after  timer.o
    0x080047fc   0x080047fc   0x00000010   Code   RO         4926    i.rt_list_isempty   timer.o
    0x0800480c   0x0800480c   0x00000014   Code   RO         4084    i.rt_list_len       cmd.o
    0x08004820   0x08004820   0x00000012   Code   RO         4813    i.rt_list_remove    thread.o
    0x08004832   0x08004832   0x00000042   Code   RO         4520    i.rt_memmove        kservice.o
    0x08004874   0x08004874   0x00000048   Code   RO         4521    i.rt_memset         kservice.o
    0x080048bc   0x080048bc   0x00000054   Code   RO         4689    i.rt_object_detach  object.o
    0x08004910   0x08004910   0x00000028   Code   RO         4691    i.rt_object_get_information  object.o
    0x08004938   0x08004938   0x00000034   Code   RO         4692    i.rt_object_get_type  object.o
    0x0800496c   0x0800496c   0x000000a8   Code   RO         4693    i.rt_object_init    object.o
    0x08004a14   0x08004a14   0x0000003c   Code   RO         4694    i.rt_object_is_systemobject  object.o
    0x08004a50   0x08004a50   0x0000008c   Code   RO         4747    i.rt_schedule       scheduler.o
    0x08004adc   0x08004adc   0x0000007c   Code   RO         4748    i.rt_schedule_insert_thread  scheduler.o
    0x08004b58   0x08004b58   0x00000080   Code   RO         4749    i.rt_schedule_remove_thread  scheduler.o
    0x08004bd8   0x08004bd8   0x00000074   Code   RO         4421    i.rt_sem_init       ipc.o
    0x08004c4c   0x08004c4c   0x000000b0   Code   RO         4523    i.rt_show_version   kservice.o
    0x08004cfc   0x08004cfc   0x00000012   Code   RO         4528    i.rt_strlen         kservice.o
    0x08004d0e   0x08004d0e   0x00000034   Code   RO         4530    i.rt_strncpy        kservice.o
    0x08004d42   0x08004d42   0x00000002   PAD
    0x08004d44   0x08004d44   0x00000050   Code   RO         4750    i.rt_system_scheduler_init  scheduler.o
    0x08004d94   0x08004d94   0x00000030   Code   RO         4751    i.rt_system_scheduler_start  scheduler.o
    0x08004dc4   0x08004dc4   0x0000001c   Code   RO         4927    i.rt_system_timer_init  timer.o
    0x08004de0   0x08004de0   0x00000002   Code   RO         4928    i.rt_system_timer_thread_init  timer.o
    0x08004de2   0x08004de2   0x00000002   PAD
    0x08004de4   0x08004de4   0x00000054   Code   RO         4817    i.rt_thread_exit    thread.o
    0x08004e38   0x08004e38   0x00000008   Code   RO         4375    i.rt_thread_idle_entry  idle.o
    0x08004e40   0x08004e40   0x000000d8   Code   RO         4376    i.rt_thread_idle_excute  idle.o
    0x08004f18   0x08004f18   0x0000003c   Code   RO         4378    i.rt_thread_idle_init  idle.o
    0x08004f54   0x08004f54   0x00000082   Code   RO         4819    i.rt_thread_init    thread.o
    0x08004fd6   0x08004fd6   0x00000014   Code   RO         4820    i.rt_thread_mdelay  thread.o
    0x08004fea   0x08004fea   0x00000002   PAD
    0x08004fec   0x08004fec   0x00000084   Code   RO         4821    i.rt_thread_resume  thread.o
    0x08005070   0x08005070   0x0000000c   Code   RO         4822    i.rt_thread_self    thread.o
    0x0800507c   0x0800507c   0x00000084   Code   RO         4823    i.rt_thread_sleep   thread.o
    0x08005100   0x08005100   0x000000c4   Code   RO         4824    i.rt_thread_startup  thread.o
    0x080051c4   0x080051c4   0x0000008c   Code   RO         4825    i.rt_thread_suspend  thread.o
    0x08005250   0x08005250   0x000000b4   Code   RO         4826    i.rt_thread_timeout  thread.o
    0x08005304   0x08005304   0x00000064   Code   RO         4827    i.rt_thread_yield   thread.o
    0x08005368   0x08005368   0x00000038   Code   RO         4267    i.rt_tick_from_millisecond  clock.o
    0x080053a0   0x080053a0   0x0000000c   Code   RO         4268    i.rt_tick_get       clock.o
    0x080053ac   0x080053ac   0x00000030   Code   RO         4269    i.rt_tick_increase  clock.o
    0x080053dc   0x080053dc   0x00000088   Code   RO         4929    i.rt_timer_check    timer.o
    0x08005464   0x08005464   0x000000b8   Code   RO         4930    i.rt_timer_control  timer.o
    0x0800551c   0x0800551c   0x000000d4   Code   RO         4931    i.rt_timer_detach   timer.o
    0x080055f0   0x080055f0   0x00000054   Code   RO         4932    i.rt_timer_init     timer.o
    0x08005644   0x08005644   0x000001a8   Code   RO         4935    i.rt_timer_start    timer.o
    0x080057ec   0x080057ec   0x000000a8   Code   RO         4936    i.rt_timer_stop     timer.o
    0x08005894   0x08005894   0x00000336   Code   RO         4533    i.rt_vsnprintf      kservice.o
    0x08005bca   0x08005bca   0x00000004   Code   RO         4309    i.rti_board_end     components.o
    0x08005bce   0x08005bce   0x00000004   Code   RO         4310    i.rti_board_start   components.o
    0x08005bd2   0x08005bd2   0x00000004   Code   RO         4311    i.rti_end           components.o
    0x08005bd6   0x08005bd6   0x00000004   Code   RO         4312    i.rti_start         components.o
    0x08005bda   0x08005bda   0x0000002a   Code   RO         4313    i.rtthread_startup  components.o
    0x08005c04   0x08005c04   0x00000038   Code   RO         3980    i.shell_auto_complete  shell.o
    0x08005c3c   0x08005c3c   0x00000030   Code   RO         4085    i.show_wait_queue   cmd.o
    0x08005c6c   0x08005c6c   0x00000026   Code   RO         4535    i.skip_atoi         kservice.o
    0x08005c92   0x08005c92   0x00000020   Code   RO         4163    i.str_common        msh.o
    0x08005cb2   0x08005cb2   0x00000002   PAD
    0x08005cb4   0x08005cb4   0x000000e8   Code   RO         5026    i.usage_fault_track  cpuport.o
    0x08005d9c   0x08005d9c   0x0000000a   Code   RO         4086    i.version           cmd.o
    0x08005da6   0x08005da6   0x00000002   PAD
    0x08005da8   0x08005da8   0x00000048   Data   RO         3938    .constdata          system_stm32l4xx.o
    0x08005df0   0x08005df0   0x0000004a   Data   RO         3982    .constdata          shell.o
    0x08005e3a   0x08005e3a   0x00000073   Data   RO         4087    .constdata          cmd.o
    0x08005ead   0x08005ead   0x00000022   Data   RO         4164    .constdata          msh.o
    0x08005ecf   0x08005ecf   0x00000014   Data   RO         4315    .constdata          components.o
    0x08005ee3   0x08005ee3   0x00000016   Data   RO         4380    .constdata          idle.o
    0x08005ef9   0x08005ef9   0x00000044   Data   RO         4425    .constdata          ipc.o
    0x08005f3d   0x08005f3d   0x00000122   Data   RO         4537    .constdata          kservice.o
    0x0800605f   0x0800605f   0x0000005c   Data   RO         4696    .constdata          object.o
    0x080060bb   0x080060bb   0x00000034   Data   RO         4753    .constdata          scheduler.o
    0x080060ef   0x080060ef   0x000000a8   Data   RO         4828    .constdata          thread.o
    0x08006197   0x08006197   0x0000004c   Data   RO         4937    .constdata          timer.o
    0x080061e3   0x080061e3   0x00000001   PAD
    0x080061e4   0x080061e4   0x00000044   Data   RO         4088    .conststring        cmd.o
    0x08006228   0x08006228   0x00000042   Data   RO         4829    .conststring        thread.o
    0x0800626a   0x0800626a   0x00000002   PAD
    0x0800626c   0x0800626c   0x00000004   Data   RO         4316    .rti_fn.0           components.o
    0x08006270   0x08006270   0x00000004   Data   RO         4317    .rti_fn.0.end       components.o
    0x08006274   0x08006274   0x00000004   Data   RO         4318    .rti_fn.1.end       components.o
    0x08006278   0x08006278   0x00000004   Data   RO         3984    .rti_fn.6           shell.o
    0x0800627c   0x0800627c   0x00000004   Data   RO         4319    .rti_fn.6.end       components.o
    0x08006280   0x08006280   0x00000050   Data   RO         4089    FSymTab             cmd.o
    0x080062d0   0x080062d0   0x00000010   Data   RO         4165    FSymTab             msh.o
    0x080062e0   0x080062e0   0x00000020   Data   RO         5121    Region$$Table       anon$$obj.o


    Execution Region RW_IRAM2 (Exec base: 0x10000000, Load base: 0x0800639c, Size: 0x00000000, Max: 0x00008000, ABSOLUTE)

    **** No section assigned to this execution region ****


    Execution Region RW_IRAM1 (Exec base: 0x20000000, Load base: 0x08006300, Size: 0x00001368, Max: 0x00018000, ABSOLUTE)

    Exec Addr    Load Addr    Size         Type   Attr      Idx    E Section Name        Object

    0x20000000   0x08006300   0x00000009   Data   RW         1002    .data               stm32l4xx_hal.o
    0x20000009   0x08006309   0x00000003   PAD
    0x2000000c   0x0800630c   0x00000004   Data   RW         3939    .data               system_stm32l4xx.o
    0x20000010   0x08006310   0x00000018   Data   RW         3983    .data               shell.o
    0x20000028   0x08006328   0x00000004   Data   RW         4271    .data               clock.o
    0x2000002c   0x0800632c   0x00000001   Data   RW         4485    .data               irq.o
    0x2000002d   0x0800632d   0x00000003   PAD
    0x20000030   0x08006330   0x00000008   Data   RW         4538    .data               kservice.o
    0x20000038   0x08006338   0x00000030   Data   RW         4697    .data               object.o
    0x20000068   0x08006368   0x00000018   Data   RW         4754    .data               scheduler.o
    0x20000080   0x08006380   0x0000000c   Data   RW         4938    .data               timer.o
    0x2000008c   0x0800638c   0x00000010   Data   RW         5028    .data               cpuport.o
    0x2000009c        -       0x00000278   Zero   RW           18    .bss                main.o
    0x20000314        -       0x00000098   Zero   RW          235    .bss                i2c.o
    0x200003ac        -       0x00000108   Zero   RW          283    .bss                usart.o
    0x200004b4        -       0x0000004c   Zero   RW          415    .bss                stm32l4xx_hal_timebase_tim.o
    0x20000500        -       0x00000371   Zero   RW         3981    .bss                shell.o
    0x20000871   0x0800639c   0x00000007   PAD
    0x20000878        -       0x00000478   Zero   RW         4314    .bss                components.o
    0x20000cf0        -       0x000000f8   Zero   RW         4379    .bss                idle.o
    0x20000de8        -       0x00000080   Zero   RW         4536    .bss                kservice.o
    0x20000e68        -       0x00000100   Zero   RW         4752    .bss                scheduler.o
    0x20000f68        -       0x00000400   Zero   RW            1    STACK               startup_stm32l476xx.o


==============================================================================

Image component sizes


      Code (inc. data)   RO Data    RW Data    ZI Data      Debug   Object Name

       260         22          0          0          0       3120   board.o
       116         12          0          4          0       1996   clock.o
      1578        518        263          0          0      13669   cmd.o
       234         56         36          0       1144       6844   components.o
       320         26          0          0          0        892   context_rvds.o
      1480        738          0         16          0       6890   cpuport.o
       228         18          0          0          0        959   gpio.o
       396         44          0          0        152       2254   i2c.o
       304         80         22          0        248       6098   idle.o
       116         42         68          0          0       7186   ipc.o
        84         18          0          1          0       2362   irq.o
      1898        224        290          8        128      11168   kservice.o
       346         60          0          0        632     849594   main.o
       918        170         50          0          0       8469   msh.o
       404        126         92         48          0       8430   object.o
       626        142         52         24        256       9338   scheduler.o
      1372        162         78         24        881      13309   shell.o
        36          8        392          0       1024        820   startup_stm32l476xx.o
        84         20          0          9          0      12970   stm32l4xx_hal.o
       266         22          0          0          0      33474   stm32l4xx_hal_cortex.o
       526         36          0          0          0       2268   stm32l4xx_hal_gpio.o
       196          4          0          0          0       2643   stm32l4xx_hal_i2c.o
       210          0          0          0          0       1899   stm32l4xx_hal_i2c_ex.o
        64          6          0          0          0        814   stm32l4xx_hal_msp.o
       156         18          0          0          0       1322   stm32l4xx_hal_pwr_ex.o
      2712        116          0          0          0       7833   stm32l4xx_hal_rcc.o
      1988         48          0          0          0       3876   stm32l4xx_hal_rcc_ex.o
       932         64          0          0          0       6314   stm32l4xx_hal_tim.o
         6          0          0          0          0       2084   stm32l4xx_hal_tim_ex.o
       136         18          0          0         76       1411   stm32l4xx_hal_timebase_tim.o
      1762         58          0          0          0       6065   stm32l4xx_hal_uart.o
        34          6          0          0          0       2752   stm32l4xx_it.o
       296         36         72          4          0       1941   system_stm32l4xx.o
      1352        386        234          0          0      15100   thread.o
      1386        464         76         12          0      12568   timer.o
       284         22          0          0        264       1765   usart.o

    ----------------------------------------------------------------------
     23144       3790       1760        156       4812    1070497   Object Totals
         0          0         32          0          0          0   (incl. Generated)
        38          0          3          6          7          0   (incl. Padding)

    ----------------------------------------------------------------------

      Code (inc. data)   RO Data    RW Data    ZI Data      Debug   Library Member Name

         0          0          0          0          0          0   entry.o
         0          0          0          0          0          0   entry10a.o
         0          0          0          0          0          0   entry11a.o
         4          0          0          0          0          0   entry12b.o
         8          4          0          0          0          0   entry2.o
         4          0          0          0          0          0   entry5.o
         0          0          0          0          0          0   entry7b.o
         0          0          0          0          0          0   entry8b.o
         8          4          0          0          0          0   entry9a.o
        30          0          0          0          0          0   handlers.o
        36          8          0          0          0         68   init.o
        30          0          0          0          0         68   llshl.o
        32          0          0          0          0         68   llushr.o
        36          0          0          0          0         68   memcpya.o
        36          0          0          0          0        108   memseta.o
        24          0          0          0          0         68   strcat.o
        18          0          0          0          0         68   strcpy.o
        14          0          0          0          0         68   strlen.o
        30          0          0          0          0         80   strncmp.o
        24          0          0          0          0         76   strncpy.o
       104          0          0          0          0         92   uldiv.o

    ----------------------------------------------------------------------
       440         16          0          0          0        832   Library Totals
         2          0          0          0          0          0   (incl. Padding)

    ----------------------------------------------------------------------

      Code (inc. data)   RO Data    RW Data    ZI Data      Debug   Library Name

       438         16          0          0          0        832   mc_w.l

    ----------------------------------------------------------------------
       440         16          0          0          0        832   Library Totals

    ----------------------------------------------------------------------

==============================================================================


      Code (inc. data)   RO Data    RW Data    ZI Data      Debug   

     23584       3806       1760        156       4812    1054369   Grand Totals
     23584       3806       1760        156       4812    1054369   ELF Image Totals
     23584       3806       1760        156          0          0   ROM Totals

==============================================================================

    Total RO  Size (Code + RO Data)                25344 (  24.75kB)
    Total RW  Size (RW Data + ZI Data)              4968 (   4.85kB)
    Total ROM Size (Code + RO Data + RW Data)      25500 (  24.90kB)

==============================================================================

